/Users/hcmutboiz/mock/Dashboard/Firmware_STM32/motor_control/USB_DEVICE/App/usbd_cdc_if.c:153:15:CDC_Init_FS	8	static
/Users/hcmutboiz/mock/Dashboard/Firmware_STM32/motor_control/USB_DEVICE/App/usbd_cdc_if.c:167:15:CDC_DeInit_FS	4	static
/Users/hcmutboiz/mock/Dashboard/Firmware_STM32/motor_control/USB_DEVICE/App/usbd_cdc_if.c:181:15:CDC_Control_FS	16	static
/Users/hcmutboiz/mock/Dashboard/Firmware_STM32/motor_control/USB_DEVICE/App/usbd_cdc_if.c:262:15:CDC_Receive_FS	16	static
/Users/hcmutboiz/mock/Dashboard/Firmware_STM32/motor_control/USB_DEVICE/App/usbd_cdc_if.c:282:9:CDC_Transmit_FS	24	static
/Users/hcmutboiz/mock/Dashboard/Firmware_STM32/motor_control/USB_DEVICE/App/usbd_cdc_if.c:297:5:__io_putchar	24	static
/Users/hcmutboiz/mock/Dashboard/Firmware_STM32/motor_control/USB_DEVICE/App/usbd_cdc_if.c:312:6:CDC_Flush_Tx	272	static
