/Users/hcmutboiz/mock/Dashboard/Firmware_STM32/motor_control/Core/Src/main.c:75:5:main	8	static
/Users/hcmutboiz/mock/Dashboard/Firmware_STM32/motor_control/Core/Src/main.c:124:6:SystemClock_Config	88	static
/Users/hcmutboiz/mock/Dashboard/Firmware_STM32/motor_control/Core/Src/main.c:172:13:MX_ADC1_Init	24	static
/Users/hcmutboiz/mock/Dashboard/Firmware_STM32/motor_control/Core/Src/main.c:219:13:MX_I2C2_Init	8	static
/Users/hcmutboiz/mock/Dashboard/Firmware_STM32/motor_control/Core/Src/main.c:253:13:MX_TIM1_Init	96	static
/Users/hcmutboiz/mock/Dashboard/Firmware_STM32/motor_control/Core/Src/main.c:328:13:MX_TIM2_Init	64	static
/Users/hcmutboiz/mock/Dashboard/Firmware_STM32/motor_control/Core/Src/main.c:391:13:MX_GPIO_Init	40	static
/Users/hcmutboiz/mock/Dashboard/Firmware_STM32/motor_control/Core/Src/main.c:454:6:Error_Handler	4	static
