Archive member included to satisfy reference by file (symbol)

/Applications/ArmGNUToolchain/15.2.rel1/arm-none-eabi/bin/../lib/gcc/arm-none-eabi/15.2.1/thumb/v7-m/nofp/libgcc.a(_arm_mulsf3.o)
                              CMakeFiles/motor_control.dir/Core/Src/main.c.obj (__aeabi_fmul)
/Applications/ArmGNUToolchain/15.2.rel1/arm-none-eabi/bin/../lib/gcc/arm-none-eabi/15.2.1/thumb/v7-m/nofp/libgcc.a(_arm_addsubdf3.o)
                              CMakeFiles/motor_control.dir/Core/Src/main.c.obj (__aeabi_f2d)
/Applications/ArmGNUToolchain/15.2.rel1/arm-none-eabi/bin/../lib/gcc/arm-none-eabi/15.2.1/thumb/v7-m/nofp/libgcc.a(_arm_addsubsf3.o)
                              CMakeFiles/motor_control.dir/Core/Src/main.c.obj (__aeabi_fsub)
/Applications/ArmGNUToolchain/15.2.rel1/arm-none-eabi/bin/../lib/gcc/arm-none-eabi/15.2.1/thumb/v7-m/nofp/libgcc.a(_arm_muldivsf3.o)
                              CMakeFiles/motor_control.dir/Core/Src/main.c.obj (__aeabi_fdiv)
/Applications/ArmGNUToolchain/15.2.rel1/arm-none-eabi/bin/../lib/gcc/arm-none-eabi/15.2.1/thumb/v7-m/nofp/libgcc.a(_arm_cmpsf2.o)
                              CMakeFiles/motor_control.dir/Core/Src/main.c.obj (__aeabi_fcmplt)
/Applications/ArmGNUToolchain/15.2.rel1/arm-none-eabi/bin/../lib/gcc/arm-none-eabi/15.2.1/thumb/v7-m/nofp/libgcc.a(_arm_fixsfsi.o)
                              CMakeFiles/motor_control.dir/Core/Src/main.c.obj (__aeabi_f2iz)
/Applications/ArmGNUToolchain/15.2.rel1/arm-none-eabi/bin/../lib/gcc/arm-none-eabi/15.2.1/../../../../arm-none-eabi/lib/thumb/v7-m/nofp/libg_nano.a(libc_a-exit.o)
                              /Applications/ArmGNUToolchain/15.2.rel1/arm-none-eabi/bin/../lib/gcc/arm-none-eabi/15.2.1/../../../../arm-none-eabi/lib/thumb/v7-m/nofp/crt0.o (exit)
/Applications/ArmGNUToolchain/15.2.rel1/arm-none-eabi/bin/../lib/gcc/arm-none-eabi/15.2.1/../../../../arm-none-eabi/lib/thumb/v7-m/nofp/libg_nano.a(libc_a-findfp.o)
                              /Applications/ArmGNUToolchain/15.2.rel1/arm-none-eabi/bin/../lib/gcc/arm-none-eabi/15.2.1/../../../../arm-none-eabi/lib/thumb/v7-m/nofp/libg_nano.a(libc_a-exit.o) (__stdio_exit_handler)
/Applications/ArmGNUToolchain/15.2.rel1/arm-none-eabi/bin/../lib/gcc/arm-none-eabi/15.2.1/../../../../arm-none-eabi/lib/thumb/v7-m/nofp/libg_nano.a(libc_a-fwalk.o)
                              /Applications/ArmGNUToolchain/15.2.rel1/arm-none-eabi/bin/../lib/gcc/arm-none-eabi/15.2.1/../../../../arm-none-eabi/lib/thumb/v7-m/nofp/libg_nano.a(libc_a-findfp.o) (_fwalk_sglue)
/Applications/ArmGNUToolchain/15.2.rel1/arm-none-eabi/bin/../lib/gcc/arm-none-eabi/15.2.1/../../../../arm-none-eabi/lib/thumb/v7-m/nofp/libg_nano.a(libc_a-printf.o)
                              CMakeFiles/motor_control.dir/Core/Src/main.c.obj (printf)
/Applications/ArmGNUToolchain/15.2.rel1/arm-none-eabi/bin/../lib/gcc/arm-none-eabi/15.2.1/../../../../arm-none-eabi/lib/thumb/v7-m/nofp/libg_nano.a(libc_a-memset.o)
                              /Applications/ArmGNUToolchain/15.2.rel1/arm-none-eabi/bin/../lib/gcc/arm-none-eabi/15.2.1/../../../../arm-none-eabi/lib/thumb/v7-m/nofp/crt0.o (memset)
/Applications/ArmGNUToolchain/15.2.rel1/arm-none-eabi/bin/../lib/gcc/arm-none-eabi/15.2.1/../../../../arm-none-eabi/lib/thumb/v7-m/nofp/libg_nano.a(libc_a-errno.o)
                              CMakeFiles/motor_control.dir/Core/Src/sysmem.c.obj (__errno)
/Applications/ArmGNUToolchain/15.2.rel1/arm-none-eabi/bin/../lib/gcc/arm-none-eabi/15.2.1/../../../../arm-none-eabi/lib/thumb/v7-m/nofp/libg_nano.a(libc_a-init.o)
                              /Applications/ArmGNUToolchain/15.2.rel1/arm-none-eabi/bin/../lib/gcc/arm-none-eabi/15.2.1/../../../../arm-none-eabi/lib/thumb/v7-m/nofp/crt0.o (__libc_init_array)
/Applications/ArmGNUToolchain/15.2.rel1/arm-none-eabi/bin/../lib/gcc/arm-none-eabi/15.2.1/../../../../arm-none-eabi/lib/thumb/v7-m/nofp/libg_nano.a(libc_a-lock.o)
                              /Applications/ArmGNUToolchain/15.2.rel1/arm-none-eabi/bin/../lib/gcc/arm-none-eabi/15.2.1/../../../../arm-none-eabi/lib/thumb/v7-m/nofp/libg_nano.a(libc_a-findfp.o) (__retarget_lock_init_recursive)
/Applications/ArmGNUToolchain/15.2.rel1/arm-none-eabi/bin/../lib/gcc/arm-none-eabi/15.2.1/../../../../arm-none-eabi/lib/thumb/v7-m/nofp/libg_nano.a(libc_a-impure.o)
                              /Applications/ArmGNUToolchain/15.2.rel1/arm-none-eabi/bin/../lib/gcc/arm-none-eabi/15.2.1/../../../../arm-none-eabi/lib/thumb/v7-m/nofp/libg_nano.a(libc_a-printf.o) (_impure_ptr)
/Applications/ArmGNUToolchain/15.2.rel1/arm-none-eabi/bin/../lib/gcc/arm-none-eabi/15.2.1/../../../../arm-none-eabi/lib/thumb/v7-m/nofp/libg_nano.a(libc_a-mallocr.o)
                              /Applications/ArmGNUToolchain/15.2.rel1/arm-none-eabi/bin/../lib/gcc/arm-none-eabi/15.2.1/../../../../arm-none-eabi/lib/thumb/v7-m/nofp/libg_nano.a(libc_a-findfp.o) (_malloc_r)
[...]
Memory Configuration

Name             Origin             Length             Attributes
RAM              0x20000000         0x00005000         xrw
FLASH            0x08000000         0x00010000         xr
*default*        0x00000000         0xffffffff

Linker script and memory map

LOAD /Applications/ArmGNUToolchain/15.2.rel1/arm-none-eabi/bin/../lib/gcc/arm-none-eabi/15.2.1/thumb/v7-m/nofp/crti.o
LOAD /Applications/ArmGNUToolchain/15.2.rel1/arm-none-eabi/bin/../lib/gcc/arm-none-eabi/15.2.1/thumb/v7-m/nofp/crtbegin.o
LOAD /Applications/ArmGNUToolchain/15.2.rel1/arm-none-eabi/bin/../lib/gcc/arm-none-eabi/15.2.1/../../../../arm-none-eabi/lib/thumb/v7-m/nofp/crt0.o
LOAD cmake/stm32cubemx/CMakeFiles/STM32_Drivers.dir/__/__/Core/Src/system_stm32f1xx.c.obj
LOAD cmake/stm32cubemx/CMakeFiles/STM32_Drivers.dir/__/__/Drivers/STM32F1xx_HAL_Driver/Src/stm32f1xx_hal_gpio_ex.c.obj
LOAD cmake/stm32cubemx/CMakeFiles/STM32_Drivers.dir/__/__/Drivers/STM32F1xx_HAL_Driver/Src/stm32f1xx_hal_pcd.c.obj
LOAD cmake/stm32cubemx/CMakeFiles/STM32_Drivers.dir/__/__/Drivers/STM32F1xx_HAL_Driver/Src/stm32f1xx_hal_pcd_ex.c.obj
LOAD cmake/stm32cubemx/CMakeFiles/STM32_Drivers.dir/__/__/Drivers/STM32F1xx_HAL_Driver/Src/stm32f1xx_ll_usb.c.obj
LOAD cmake/stm32cubemx/CMakeFiles/STM32_Drivers.dir/__/__/Drivers/STM32F1xx_HAL_Driver/Src/stm32f1xx_hal.c.obj
LOAD cmake/stm32cubemx/CMakeFiles/STM32_Drivers.dir/__/__/Drivers/STM32F1xx_HAL_Driver/Src/stm32f1xx_hal_rcc.c.obj
LOAD cmake/stm32cubemx/CMakeFiles/STM32_Drivers.dir/__/__/Drivers/STM32F1xx_HAL_Driver/Src/stm32f1xx_hal_rcc_ex.c.obj
LOAD cmake/stm32cubemx/CMakeFiles/STM32_Drivers.dir/__/__/Drivers/STM32F1xx_HAL_Driver/Src/stm32f1xx_hal_gpio.c.obj
LOAD cmake/stm32cubemx/CMakeFiles/STM32_Drivers.dir/__/__/Drivers/STM32F1xx_HAL_Driver/Src/stm32f1xx_hal_dma.c.obj
LOAD cmake/stm32cubemx/CMakeFiles/STM32_Drivers.dir/__/__/Drivers/STM32F1xx_HAL_Driver/Src/stm32f1xx_hal_cortex.c.obj
LOAD cmake/stm32cubemx/CMakeFiles/STM32_Drivers.dir/__/__/Drivers/STM32F1xx_HAL_Driver/Src/stm32f1xx_hal_pwr.c.obj
LOAD cmake/stm32cubemx/CMakeFiles/STM32_Drivers.dir/__/__/Drivers/STM32F1xx_HAL_Driver/Src/stm32f1xx_hal_flash.c.obj
LOAD cmake/stm32cubemx/CMakeFiles/STM32_Drivers.dir/__/__/Drivers/STM32F1xx_HAL_Driver/Src/stm32f1xx_hal_flash_ex.c.obj
LOAD cmake/stm32cubemx/CMakeFiles/STM32_Drivers.dir/__/__/Drivers/STM32F1xx_HAL_Driver/Src/stm32f1xx_hal_exti.c.obj
LOAD cmake/stm32cubemx/CMakeFiles/STM32_Drivers.dir/__/__/Drivers/STM32F1xx_HAL_Driver/Src/stm32f1xx_hal_adc.c.obj
LOAD cmake/stm32cubemx/CMakeFiles/STM32_Drivers.dir/__/__/Drivers/STM32F1xx_HAL_Driver/Src/stm32f1xx_hal_adc_ex.c.obj
LOAD cmake/stm32cubemx/CMakeFiles/STM32_Drivers.dir/__/__/Drivers/STM32F1xx_HAL_Driver/Src/stm32f1xx_hal_i2c.c.obj
LOAD cmake/stm32cubemx/CMakeFiles/STM32_Drivers.dir/__/__/Drivers/STM32F1xx_HAL_Driver/Src/stm32f1xx_hal_tim.c.obj
LOAD cmake/stm32cubemx/CMakeFiles/STM32_Drivers.dir/__/__/Drivers/STM32F1xx_HAL_Driver/Src/stm32f1xx_hal_tim_ex.c.obj
LOAD cmake/stm32cubemx/CMakeFiles/USB_Device_Library.dir/__/__/Middlewares/ST/STM32_USB_Device_Library/Core/Src/usbd_core.c.obj
LOAD cmake/stm32cubemx/CMakeFiles/USB_Device_Library.dir/__/__/Middlewares/ST/STM32_USB_Device_Library/Core/Src/usbd_ctlreq.c.obj
LOAD cmake/stm32cubemx/CMakeFiles/USB_Device_Library.dir/__/__/Middlewares/ST/STM32_USB_Device_Library/Core/Src/usbd_ioreq.c.obj
LOAD cmake/stm32cubemx/CMakeFiles/USB_Device_Library.dir/__/__/Middlewares/ST/STM32_USB_Device_Library/Class/CDC/Src/usbd_cdc.c.obj
LOAD CMakeFiles/motor_control.dir/USB_DEVICE/Target/usbd_conf.c.obj
LOAD CMakeFiles/motor_control.dir/USB_DEVICE/App/usb_device.c.obj
LOAD CMakeFiles/motor_control.dir/USB_DEVICE/App/usbd_desc.c.obj
LOAD CMakeFiles/motor_control.dir/USB_DEVICE/App/usbd_cdc_if.c.obj
LOAD CMakeFiles/motor_control.dir/Core/Src/main.c.obj
LOAD CMakeFiles/motor_control.dir/Core/Src/stm32f1xx_it.c.obj
LOAD CMakeFiles/motor_control.dir/Core/Src/stm32f1xx_hal_msp.c.obj
LOAD CMakeFiles/motor_control.dir/Core/Src/sysmem.c.obj
LOAD CMakeFiles/motor_control.dir/Core/Src/syscalls.c.obj
LOAD CMakeFiles/motor_control.dir/startup_stm32f103xb.s.obj
LOAD /Applications/ArmGNUToolchain/15.2.rel1/arm-none-eabi/bin/../lib/gcc/arm-none-eabi/15.2.1/../../../../arm-none-eabi/lib/thumb/v7-m/nofp/libm.a
START GROUP
LOAD /Applications/ArmGNUToolchain/15.2.rel1/arm-none-eabi/bin/../lib/gcc/arm-none-eabi/15.2.1/thumb/v7-m/nofp/libgcc.a
LOAD /Applications/ArmGNUToolchain/15.2.rel1/arm-none-eabi/bin/../lib/gcc/arm-none-eabi/15.2.1/../../../../arm-none-eabi/lib/thumb/v7-m/nofp/libg_nano.a
LOAD /Applications/ArmGNUToolchain/15.2.rel1/arm-none-eabi/bin/../lib/gcc/arm-none-eabi/15.2.1/../../../../arm-none-eabi/lib/thumb/v7-m/nofp/libc_nano.a
END GROUP
START GROUP
LOAD /Applications/ArmGNUToolchain/15.2.rel1/arm-none-eabi/bin/../lib/gcc/arm-none-eabi/15.2.1/thumb/v7-m/nofp/libgcc.a
LOAD /Applications/ArmGNUToolchain/15.2.rel1/arm-none-eabi/bin/../lib/gcc/arm-none-eabi/15.2.1/../../../../arm-none-eabi/lib/thumb/v7-m/nofp/libc_nano.a
END GROUP
LOAD /Applications/ArmGNUToolchain/15.2.rel1/arm-none-eabi/bin/../lib/gcc/arm-none-eabi/15.2.1/thumb/v7-m/nofp/crtend.o
LOAD /Applications/ArmGNUToolchain/15.2.rel1/arm-none-eabi/bin/../lib/gcc/arm-none-eabi/15.2.1/thumb/v7-m/nofp/crtn.o
                0x20005000                        _estack = (ORIGIN (RAM) + LENGTH (RAM))
                0x20004c00                        _sstack = (_estack - _Min_Stack_Size)
                0x00000200                        _Min_Heap_Size = 0x200
                0x00000400                        _Min_Stack_Size = 0x400

.isr_vector     0x08000000      0x10c
                0x08000000                        . = ALIGN (0x4)
 *(.isr_vector)
 .isr_vector    0x08000000      0x10c CMakeFiles/motor_control.dir/startup_stm32f103xb.s.obj
                0x08000000                g_pfnVectors
                0x0800010c                        . = ALIGN (0x4)

.text           0x0800010c     0xb028
                0x0800010c                        . = ALIGN (0x4)
 *(.text)
 .text          0x0800010c      0x378 /Applications/ArmGNUToolchain/15.2.rel1/arm-none-eabi/bin/../lib/gcc/arm-none-eabi/15.2.1/thumb/v7-m/nofp/libgcc.a(_arm_addsubdf3.o)
                0x0800010c                __aeabi_drsub
                0x08000114                __subdf3
                0x08000114                __aeabi_dsub
                0x08000118                __aeabi_dadd
                0x08000118                __adddf3
                0x08000390                __aeabi_ui2d
                0x08000390                __floatunsidf
                0x080003b0                __floatsidf
                0x080003b0                __aeabi_i2d
                0x080003d4                __extendsfdf2
                0x080003d4                __aeabi_f2d
                0x08000418                __aeabi_ul2d
                0x08000418                __floatundidf
                0x08000428                __aeabi_l2d
                0x08000428                __floatdidf
 .text          0x08000484      0x21c /Applications/ArmGNUToolchain/15.2.rel1/arm-none-eabi/bin/../lib/gcc/arm-none-eabi/15.2.1/thumb/v7-m/nofp/libgcc.a(_arm_addsubsf3.o)
                0x08000484                __aeabi_frsub
                0x0800048c                __aeabi_fsub
                0x0800048c                __subsf3
                0x08000490                __aeabi_fadd
                0x08000490                __addsf3
                0x080005f0                __aeabi_ui2f
                0x080005f0                __floatunsisf
                0x080005f8                __floatsisf
                0x080005f8                __aeabi_i2f
                0x08000614                __aeabi_ul2f
                0x08000614                __floatundisf
                0x08000624                __aeabi_l2f
                0x08000624                __floatdisf
 .text          0x080006a0      0x2a0 /Applications/ArmGNUToolchain/15.2.rel1/arm-none-eabi/bin/../lib/gcc/arm-none-eabi/15.2.1/thumb/v7-m/nofp/libgcc.a(_arm_muldivsf3.o)
                0x080006a0                __mulsf3
                0x080006a0                __aeabi_fmul
                0x08000808                __divsf3
                0x08000808                __aeabi_fdiv
 .text          0x08000940       0xec /Applications/ArmGNUToolchain/15.2.rel1/arm-none-eabi/bin/../lib/gcc/arm-none-eabi/15.2.1/thumb/v7-m/nofp/libgcc.a(_arm_cmpsf2.o)
                0x08000940                __gesf2
                0x08000940                __gtsf2
                0x08000948                __ltsf2
                0x08000948                __lesf2
                0x08000950                __nesf2
                0x08000950                __eqsf2
                0x08000950                __cmpsf2
                0x080009b0                __aeabi_cfrcmple
                0x080009b8                __aeabi_cfcmpeq
                0x080009b8                __aeabi_cfcmple
                0x080009c8                __aeabi_fcmpeq
                0x080009dc                __aeabi_fcmplt
                0x080009f0                __aeabi_fcmple
                0x08000a04                __aeabi_fcmpge
                0x08000a18                __aeabi_fcmpgt
 .text          0x08000a2c       0x4c /Applications/ArmGNUToolchain/15.2.rel1/arm-none-eabi/bin/../lib/gcc/arm-none-eabi/15.2.1/thumb/v7-m/nofp/libgcc.a(_arm_fixsfsi.o)
                0x08000a2c                __fixsfsi
                0x08000a2c                __aeabi_f2iz
 *(.text*)
 .text.deregister_tm_clones
                0x08000a78       0x1c /Applications/ArmGNUToolchain/15.2.rel1/arm-none-eabi/bin/../lib/gcc/arm-none-eabi/15.2.1/thumb/v7-m/nofp/crtbegin.o
 .text.register_tm_clones
                0x08000a94       0x24 /Applications/ArmGNUToolchain/15.2.rel1/arm-none-eabi/bin/../lib/gcc/arm-none-eabi/15.2.1/thumb/v7-m/nofp/crtbegin.o
 .text.__do_global_dtors_aux
                0x08000ab8       0x28 /Applications/ArmGNUToolchain/15.2.rel1/arm-none-eabi/bin/../lib/gcc/arm-none-eabi/15.2.1/thumb/v7-m/nofp/crtbegin.o
 .text.frame_dummy
                0x08000ae0       0x24 /Applications/ArmGNUToolchain/15.2.rel1/arm-none-eabi/bin/../lib/gcc/arm-none-eabi/15.2.1/thumb/v7-m/nofp/crtbegin.o
 .text.SystemInit
                0x08000b04        0xc cmake/stm32cubemx/CMakeFiles/STM32_Drivers.dir/__/__/Core/Src/system_stm32f1xx.c.obj
                0x08000b04                SystemInit
 .text.HAL_PCD_Init
                0x08000b10      0x1ec cmake/stm32cubemx/CMakeFiles/STM32_Drivers.dir/__/__/Drivers/STM32F1xx_HAL_Driver/Src/stm32f1xx_hal_pcd.c.obj
                0x08000b10                HAL_PCD_Init
 .text.HAL_PCD_Start
                0x08000cfc       0x4c cmake/stm32cubemx/CMakeFiles/STM32_Drivers.dir/__/__/Drivers/STM32F1xx_HAL_Driver/Src/stm32f1xx_hal_pcd.c.obj
                0x08000cfc                HAL_PCD_Start
 .text.HAL_PCD_IRQHandler
                0x08000d48      0x260 cmake/stm32cubemx/CMakeFiles/STM32_Drivers.dir/__/__/Drivers/STM32F1xx_HAL_Driver/Src/stm32f1xx_hal_pcd.c.obj
                0x08000d48                HAL_PCD_IRQHandler
 .text.HAL_PCD_SetAddress
                0x08000fa8       0x48 cmake/stm32cubemx/CMakeFiles/STM32_Drivers.dir/__/__/Drivers/STM32F1xx_HAL_Driver/Src/stm32f1xx_hal_pcd.c.obj
                0x08000fa8                HAL_PCD_SetAddress
 .text.HAL_PCD_EP_Open
                0x08000ff0       0xba cmake/stm32cubemx/CMakeFiles/STM32_Drivers.dir/__/__/Drivers/STM32F1xx_HAL_Driver/Src/stm32f1xx_hal_pcd.c.obj
                0x08000ff0                HAL_PCD_EP_Open
 .text.HAL_PCD_EP_Close
                0x080010aa       0x90 cmake/stm32cubemx/CMakeFiles/STM32_Drivers.dir/__/__/Drivers/STM32F1xx_HAL_Driver/Src/stm32f1xx_hal_pcd.c.obj
                0x080010aa                HAL_PCD_EP_Close
 .text.HAL_PCD_EP_Receive
                0x0800113a       0x62 cmake/stm32cubemx/CMakeFiles/STM32_Drivers.dir/__/__/Drivers/STM32F1xx_HAL_Driver/Src/stm32f1xx_hal_pcd.c.obj
                0x0800113a                HAL_PCD_EP_Receive
 .text.HAL_PCD_EP_GetRxCount
                0x0800119c       0x2e cmake/stm32cubemx/CMakeFiles/STM32_Drivers.dir/__/__/Drivers/STM32F1xx_HAL_Driver/Src/stm32f1xx_hal_pcd.c.obj
                0x0800119c                HAL_PCD_EP_GetRxCount
 .text.HAL_PCD_EP_Transmit
                0x080011ca       0x6e cmake/stm32cubemx/CMakeFiles/STM32_Drivers.dir/__/__/Drivers/STM32F1xx_HAL_Driver/Src/stm32f1xx_hal_pcd.c.obj
                0x080011ca                HAL_PCD_EP_Transmit
 .text.HAL_PCD_EP_SetStall
                0x08001238       0xc0 cmake/stm32cubemx/CMakeFiles/STM32_Drivers.dir/__/__/Drivers/STM32F1xx_HAL_Driver/Src/stm32f1xx_hal_pcd.c.obj
                0x08001238                HAL_PCD_EP_SetStall
 .text.HAL_PCD_EP_ClrStall
                0x080012f8       0xa8 cmake/stm32cubemx/CMakeFiles/STM32_Drivers.dir/__/__/Drivers/STM32F1xx_HAL_Driver/Src/stm32f1xx_hal_pcd.c.obj
                0x080012f8                HAL_PCD_EP_ClrStall
 .text.PCD_EP_ISR_Handler
                0x080013a0      0x79e cmake/stm32cubemx/CMakeFiles/STM32_Drivers.dir/__/__/Drivers/STM32F1xx_HAL_Driver/Src/stm32f1xx_hal_pcd.c.obj
 .text.HAL_PCD_EP_DB_Receive
                0x08001b3e      0x21a cmake/stm32cubemx/CMakeFiles/STM32_Drivers.dir/__/__/Drivers/STM32F1xx_HAL_Driver/Src/stm32f1xx_hal_pcd.c.obj
 .text.HAL_PCD_EP_DB_Transmit
                0x08001d58      0x7f4 cmake/stm32cubemx/CMakeFiles/STM32_Drivers.dir/__/__/Drivers/STM32F1xx_HAL_Driver/Src/stm32f1xx_hal_pcd.c.obj
 .text.HAL_PCDEx_PMAConfig
                0x0800254c       0x84 cmake/stm32cubemx/CMakeFiles/STM32_Drivers.dir/__/__/Drivers/STM32F1xx_HAL_Driver/Src/stm32f1xx_hal_pcd_ex.c.obj
                0x0800254c                HAL_PCDEx_PMAConfig
 .text.USB_CoreInit
                0x080025d0       0x1a cmake/stm32cubemx/CMakeFiles/STM32_Drivers.dir/__/__/Drivers/STM32F1xx_HAL_Driver/Src/stm32f1xx_ll_usb.c.obj
                0x080025d0                USB_CoreInit
 .text.USB_EnableGlobalInt
                0x080025ea       0x2c cmake/stm32cubemx/CMakeFiles/STM32_Drivers.dir/__/__/Drivers/STM32F1xx_HAL_Driver/Src/stm32f1xx_ll_usb.c.obj
                0x080025ea                USB_EnableGlobalInt
 .text.USB_DisableGlobalInt
                0x08002616       0x34 cmake/stm32cubemx/CMakeFiles/STM32_Drivers.dir/__/__/Drivers/STM32F1xx_HAL_Driver/Src/stm32f1xx_ll_usb.c.obj
                0x08002616                USB_DisableGlobalInt
 .text.USB_SetCurrentMode
                0x0800264a       0x18 cmake/stm32cubemx/CMakeFiles/STM32_Drivers.dir/__/__/Drivers/STM32F1xx_HAL_Driver/Src/stm32f1xx_ll_usb.c.obj
                0x0800264a                USB_SetCurrentMode
 .text.USB_DevInit
                0x08002662       0x3a cmake/stm32cubemx/CMakeFiles/STM32_Drivers.dir/__/__/Drivers/STM32F1xx_HAL_Driver/Src/stm32f1xx_ll_usb.c.obj
                0x08002662                USB_DevInit
 .text.USB_ActivateEndpoint
                0x0800269c      0x77e cmake/stm32cubemx/CMakeFiles/STM32_Drivers.dir/__/__/Drivers/STM32F1xx_HAL_Driver/Src/stm32f1xx_ll_usb.c.obj
                0x0800269c                USB_ActivateEndpoint
 .text.USB_DeactivateEndpoint
                0x08002e1a      0x3d8 cmake/stm32cubemx/CMakeFiles/STM32_Drivers.dir/__/__/Drivers/STM32F1xx_HAL_Driver/Src/stm32f1xx_ll_usb.c.obj
                0x08002e1a                USB_DeactivateEndpoint
 .text.USB_EPStartXfer
                0x080031f2     0x1762 cmake/stm32cubemx/CMakeFiles/STM32_Drivers.dir/__/__/Drivers/STM32F1xx_HAL_Driver/Src/stm32f1xx_ll_usb.c.obj
                0x080031f2                USB_EPStartXfer
 .text.USB_EPSetStall
                0x08004954       0xa0 cmake/stm32cubemx/CMakeFiles/STM32_Drivers.dir/__/__/Drivers/STM32F1xx_HAL_Driver/Src/stm32f1xx_ll_usb.c.obj
                0x08004954                USB_EPSetStall
 .text.USB_EPClearStall
                0x080049f4      0x15a cmake/stm32cubemx/CMakeFiles/STM32_Drivers.dir/__/__/Drivers/STM32F1xx_HAL_Driver/Src/stm32f1xx_ll_usb.c.obj
                0x080049f4                USB_EPClearStall
 .text.USB_SetDevAddress
                0x08004b4e       0x26 cmake/stm32cubemx/CMakeFiles/STM32_Drivers.dir/__/__/Drivers/STM32F1xx_HAL_Driver/Src/stm32f1xx_ll_usb.c.obj
                0x08004b4e                USB_SetDevAddress
 .text.USB_DevConnect
                0x08004b74       0x14 cmake/stm32cubemx/CMakeFiles/STM32_Drivers.dir/__/__/Drivers/STM32F1xx_HAL_Driver/Src/stm32f1xx_ll_usb.c.obj
                0x08004b74                USB_DevConnect
 .text.USB_DevDisconnect
                0x08004b88       0x14 cmake/stm32cubemx/CMakeFiles/STM32_Drivers.dir/__/__/Drivers/STM32F1xx_HAL_Driver/Src/stm32f1xx_ll_usb.c.obj
                0x08004b88                USB_DevDisconnect
 .text.USB_ReadInterrupts
                0x08004b9c       0x1e cmake/stm32cubemx/CMakeFiles/STM32_Drivers.dir/__/__/Drivers/STM32F1xx_HAL_Driver/Src/stm32f1xx_ll_usb.c.obj
                0x08004b9c                USB_ReadInterrupts
 .text.USB_EP0_OutStart
                0x08004bba       0x16 cmake/stm32cubemx/CMakeFiles/STM32_Drivers.dir/__/__/Drivers/STM32F1xx_HAL_Driver/Src/stm32f1xx_ll_usb.c.obj
                0x08004bba                USB_EP0_OutStart
 .text.USB_WritePMA
                0x08004bd0       0x8c cmake/stm32cubemx/CMakeFiles/STM32_Drivers.dir/__/__/Drivers/STM32F1xx_HAL_Driver/Src/stm32f1xx_ll_usb.c.obj
                0x08004bd0                USB_WritePMA
 .text.USB_ReadPMA
                0x08004c5c       0x9e cmake/stm32cubemx/CMakeFiles/STM32_Drivers.dir/__/__/Drivers/STM32F1xx_HAL_Driver/Src/stm32f1xx_ll_usb.c.obj
                0x08004c5c                USB_ReadPMA
 *fill*         0x08004cfa        0x2 
 .text.HAL_Init
                0x08004cfc       0x2c cmake/stm32cubemx/CMakeFiles/STM32_Drivers.dir/__/__/Drivers/STM32F1xx_HAL_Driver/Src/stm32f1xx_hal.c.obj
                0x08004cfc                HAL_Init
 .text.HAL_InitTick
                0x08004d28       0x60 cmake/stm32cubemx/CMakeFiles/STM32_Drivers.dir/__/__/Drivers/STM32F1xx_HAL_Driver/Src/stm32f1xx_hal.c.obj
                0x08004d28                HAL_InitTick
 .text.HAL_IncTick
                0x08004d88       0x24 cmake/stm32cubemx/CMakeFiles/STM32_Drivers.dir/__/__/Drivers/STM32F1xx_HAL_Driver/Src/stm32f1xx_hal.c.obj
                0x08004d88                HAL_IncTick
 .text.HAL_GetTick
                0x08004dac       0x14 cmake/stm32cubemx/CMakeFiles/STM32_Drivers.dir/__/__/Drivers/STM32F1xx_HAL_Driver/Src/stm32f1xx_hal.c.obj
                0x08004dac                HAL_GetTick
 .text.HAL_RCC_OscConfig
                0x08004dc0      0x504 cmake/stm32cubemx/CMakeFiles/STM32_Drivers.dir/__/__/Drivers/STM32F1xx_HAL_Driver/Src/stm32f1xx_hal_rcc.c.obj
                0x08004dc0                HAL_RCC_OscConfig
 .text.HAL_RCC_ClockConfig
                0x080052c4      0x1d4 cmake/stm32cubemx/CMakeFiles/STM32_Drivers.dir/__/__/Drivers/STM32F1xx_HAL_Driver/Src/stm32f1xx_hal_rcc.c.obj
                0x080052c4                HAL_RCC_ClockConfig
 .text.HAL_RCC_GetSysClockFreq
                0x08005498       0xa8 cmake/stm32cubemx/CMakeFiles/STM32_Drivers.dir/__/__/Drivers/STM32F1xx_HAL_Driver/Src/stm32f1xx_hal_rcc.c.obj
                0x08005498                HAL_RCC_GetSysClockFreq
 .text.HAL_RCC_GetHCLKFreq
                0x08005540       0x14 cmake/stm32cubemx/CMakeFiles/STM32_Drivers.dir/__/__/Drivers/STM32F1xx_HAL_Driver/Src/stm32f1xx_hal_rcc.c.obj
                0x08005540                HAL_RCC_GetHCLKFreq
 .text.HAL_RCC_GetPCLK1Freq
                0x08005554       0x28 cmake/stm32cubemx/CMakeFiles/STM32_Drivers.dir/__/__/Drivers/STM32F1xx_HAL_Driver/Src/stm32f1xx_hal_rcc.c.obj
                0x08005554                HAL_RCC_GetPCLK1Freq
 .text.RCC_Delay
                0x0800557c       0x3c cmake/stm32cubemx/CMakeFiles/STM32_Drivers.dir/__/__/Drivers/STM32F1xx_HAL_Driver/Src/stm32f1xx_hal_rcc.c.obj
 .text.HAL_RCCEx_PeriphCLKConfig
                0x080055b8      0x16c cmake/stm32cubemx/CMakeFiles/STM32_Drivers.dir/__/__/Drivers/STM32F1xx_HAL_Driver/Src/stm32f1xx_hal_rcc_ex.c.obj
                0x080055b8                HAL_RCCEx_PeriphCLKConfig
 .text.HAL_GPIO_Init
                0x08005724      0x2dc cmake/stm32cubemx/CMakeFiles/STM32_Drivers.dir/__/__/Drivers/STM32F1xx_HAL_Driver/Src/stm32f1xx_hal_gpio.c.obj
                0x08005724                HAL_GPIO_Init
 .text.HAL_GPIO_WritePin
                0x08005a00       0x30 cmake/stm32cubemx/CMakeFiles/STM32_Drivers.dir/__/__/Drivers/STM32F1xx_HAL_Driver/Src/stm32f1xx_hal_gpio.c.obj
                0x08005a00                HAL_GPIO_WritePin
 .text.HAL_DMA_Init
                0x08005a30       0xb4 cmake/stm32cubemx/CMakeFiles/STM32_Drivers.dir/__/__/Drivers/STM32F1xx_HAL_Driver/Src/stm32f1xx_hal_dma.c.obj
                0x08005a30                HAL_DMA_Init
 .text.HAL_DMA_Start_IT
                0x08005ae4       0xc0 cmake/stm32cubemx/CMakeFiles/STM32_Drivers.dir/__/__/Drivers/STM32F1xx_HAL_Driver/Src/stm32f1xx_hal_dma.c.obj
                0x08005ae4                HAL_DMA_Start_IT
 .text.DMA_SetConfig
                0x08005ba4       0x5a cmake/stm32cubemx/CMakeFiles/STM32_Drivers.dir/__/__/Drivers/STM32F1xx_HAL_Driver/Src/stm32f1xx_hal_dma.c.obj
 *fill*         0x08005bfe        0x2 
 .text.__NVIC_SetPriorityGrouping
                0x08005c00       0x48 cmake/stm32cubemx/CMakeFiles/STM32_Drivers.dir/__/__/Drivers/STM32F1xx_HAL_Driver/Src/stm32f1xx_hal_cortex.c.obj
 .text.__NVIC_GetPriorityGrouping
                0x08005c48       0x1c cmake/stm32cubemx/CMakeFiles/STM32_Drivers.dir/__/__/Drivers/STM32F1xx_HAL_Driver/Src/stm32f1xx_hal_cortex.c.obj
 .text.__NVIC_EnableIRQ
                0x08005c64       0x38 cmake/stm32cubemx/CMakeFiles/STM32_Drivers.dir/__/__/Drivers/STM32F1xx_HAL_Driver/Src/stm32f1xx_hal_cortex.c.obj
 .text.__NVIC_SetPriority
                0x08005c9c       0x54 cmake/stm32cubemx/CMakeFiles/STM32_Drivers.dir/__/__/Drivers/STM32F1xx_HAL_Driver/Src/stm32f1xx_hal_cortex.c.obj
 .text.NVIC_EncodePriority
                0x08005cf0       0x6e cmake/stm32cubemx/CMakeFiles/STM32_Drivers.dir/__/__/Drivers/STM32F1xx_HAL_Driver/Src/stm32f1xx_hal_cortex.c.obj
 *fill*         0x08005d5e        0x2 
 .text.SysTick_Config
                0x08005d60       0x44 cmake/stm32cubemx/CMakeFiles/STM32_Drivers.dir/__/__/Drivers/STM32F1xx_HAL_Driver/Src/stm32f1xx_hal_cortex.c.obj
 .text.HAL_NVIC_SetPriorityGrouping
                0x08005da4       0x16 cmake/stm32cubemx/CMakeFiles/STM32_Drivers.dir/__/__/Drivers/STM32F1xx_HAL_Driver/Src/stm32f1xx_hal_cortex.c.obj
                0x08005da4                HAL_NVIC_SetPriorityGrouping
 .text.HAL_NVIC_SetPriority
                0x08005dba       0x38 cmake/stm32cubemx/CMakeFiles/STM32_Drivers.dir/__/__/Drivers/STM32F1xx_HAL_Driver/Src/stm32f1xx_hal_cortex.c.obj
                0x08005dba                HAL_NVIC_SetPriority
 .text.HAL_NVIC_EnableIRQ
                0x08005df2       0x1c cmake/stm32cubemx/CMakeFiles/STM32_Drivers.dir/__/__/Drivers/STM32F1xx_HAL_Driver/Src/stm32f1xx_hal_cortex.c.obj
                0x08005df2                HAL_NVIC_EnableIRQ
 .text.HAL_SYSTICK_Config
                0x08005e0e       0x18 cmake/stm32cubemx/CMakeFiles/STM32_Drivers.dir/__/__/Drivers/STM32F1xx_HAL_Driver/Src/stm32f1xx_hal_cortex.c.obj
                0x08005e0e                HAL_SYSTICK_Config
 *fill*         0x08005e26        0x2 
 .text.HAL_ADC_Init
                0x08005e28      0x1b0 cmake/stm32cubemx/CMakeFiles/STM32_Drivers.dir/__/__/Drivers/STM32F1xx_HAL_Driver/Src/stm32f1xx_hal_adc.c.obj
                0x08005e28                HAL_ADC_Init
 .text.HAL_ADC_Start_DMA
                0x08005fd8      0x1bc cmake/stm32cubemx/CMakeFiles/STM32_Drivers.dir/__/__/Drivers/STM32F1xx_HAL_Driver/Src/stm32f1xx_hal_adc.c.obj
                0x08005fd8                HAL_ADC_Start_DMA
 .text.HAL_ADC_ConvCpltCallback
                0x08006194       0x12 cmake/stm32cubemx/CMakeFiles/STM32_Drivers.dir/__/__/Drivers/STM32F1xx_HAL_Driver/Src/stm32f1xx_hal_adc.c.obj
                0x08006194                HAL_ADC_ConvCpltCallback
 .text.HAL_ADC_ConvHalfCpltCallback
                0x080061a6       0x12 cmake/stm32cubemx/CMakeFiles/STM32_Drivers.dir/__/__/Drivers/STM32F1xx_HAL_Driver/Src/stm32f1xx_hal_adc.c.obj
                0x080061a6                HAL_ADC_ConvHalfCpltCallback
 .text.HAL_ADC_ErrorCallback
                0x080061b8       0x12 cmake/stm32cubemx/CMakeFiles/STM32_Drivers.dir/__/__/Drivers/STM32F1xx_HAL_Driver/Src/stm32f1xx_hal_adc.c.obj
                0x080061b8                HAL_ADC_ErrorCallback
 *fill*         0x080061ca        0x2 
 .text.HAL_ADC_ConfigChannel
                0x080061cc      0x1f8 cmake/stm32cubemx/CMakeFiles/STM32_Drivers.dir/__/__/Drivers/STM32F1xx_HAL_Driver/Src/stm32f1xx_hal_adc.c.obj
                0x080061cc                HAL_ADC_ConfigChannel
 .text.ADC_Enable
                0x080063c4       0xb4 cmake/stm32cubemx/CMakeFiles/STM32_Drivers.dir/__/__/Drivers/STM32F1xx_HAL_Driver/Src/stm32f1xx_hal_adc.c.obj
                0x080063c4                ADC_Enable
 .text.ADC_ConversionStop_Disable
                0x08006478       0x82 cmake/stm32cubemx/CMakeFiles/STM32_Drivers.dir/__/__/Drivers/STM32F1xx_HAL_Driver/Src/stm32f1xx_hal_adc.c.obj
                0x08006478                ADC_ConversionStop_Disable
 .text.ADC_DMAConvCplt
                0x080064fa       0x7c cmake/stm32cubemx/CMakeFiles/STM32_Drivers.dir/__/__/Drivers/STM32F1xx_HAL_Driver/Src/stm32f1xx_hal_adc.c.obj
                0x080064fa                ADC_DMAConvCplt
 .text.ADC_DMAHalfConvCplt
                0x08006576       0x1c cmake/stm32cubemx/CMakeFiles/STM32_Drivers.dir/__/__/Drivers/STM32F1xx_HAL_Driver/Src/stm32f1xx_hal_adc.c.obj
                0x08006576                ADC_DMAHalfConvCplt
 .text.ADC_DMAError
                0x08006592       0x34 cmake/stm32cubemx/CMakeFiles/STM32_Drivers.dir/__/__/Drivers/STM32F1xx_HAL_Driver/Src/stm32f1xx_hal_adc.c.obj
                0x08006592                ADC_DMAError
 *fill*         0x080065c6        0x2 
 .text.HAL_I2C_Init
                0x080065c8      0x288 cmake/stm32cubemx/CMakeFiles/STM32_Drivers.dir/__/__/Drivers/STM32F1xx_HAL_Driver/Src/stm32f1xx_hal_i2c.c.obj
                0x080065c8                HAL_I2C_Init
 .text.HAL_TIM_Base_Init
                0x08006850       0x9e cmake/stm32cubemx/CMakeFiles/STM32_Drivers.dir/__/__/Drivers/STM32F1xx_HAL_Driver/Src/stm32f1xx_hal_tim.c.obj
                0x08006850                HAL_TIM_Base_Init
 .text.HAL_TIM_PWM_Init
                0x080068ee       0x9e cmake/stm32cubemx/CMakeFiles/STM32_Drivers.dir/__/__/Drivers/STM32F1xx_HAL_Driver/Src/stm32f1xx_hal_tim.c.obj
                0x080068ee                HAL_TIM_PWM_Init
 .text.HAL_TIM_PWM_MspInit
                0x0800698c       0x12 cmake/stm32cubemx/CMakeFiles/STM32_Drivers.dir/__/__/Drivers/STM32F1xx_HAL_Driver/Src/stm32f1xx_hal_tim.c.obj
                0x0800698c                HAL_TIM_PWM_MspInit
 *fill*         0x0800699e        0x2 
 .text.HAL_TIM_PWM_Start
                0x080069a0      0x144 cmake/stm32cubemx/CMakeFiles/STM32_Drivers.dir/__/__/Drivers/STM32F1xx_HAL_Driver/Src/stm32f1xx_hal_tim.c.obj
                0x080069a0                HAL_TIM_PWM_Start
 .text.HAL_TIM_PWM_ConfigChannel
                0x08006ae4      0x16c cmake/stm32cubemx/CMakeFiles/STM32_Drivers.dir/__/__/Drivers/STM32F1xx_HAL_Driver/Src/stm32f1xx_hal_tim.c.obj
                0x08006ae4                HAL_TIM_PWM_ConfigChannel
 .text.HAL_TIM_ConfigClockSource
                0x08006c50      0x18e cmake/stm32cubemx/CMakeFiles/STM32_Drivers.dir/__/__/Drivers/STM32F1xx_HAL_Driver/Src/stm32f1xx_hal_tim.c.obj
                0x08006c50                HAL_TIM_ConfigClockSource
 *fill*         0x08006dde        0x2 
 .text.TIM_Base_SetConfig
                0x08006de0       0xdc cmake/stm32cubemx/CMakeFiles/STM32_Drivers.dir/__/__/Drivers/STM32F1xx_HAL_Driver/Src/stm32f1xx_hal_tim.c.obj
                0x08006de0                TIM_Base_SetConfig
 .text.TIM_OC1_SetConfig
                0x08006ebc       0xcc cmake/stm32cubemx/CMakeFiles/STM32_Drivers.dir/__/__/Drivers/STM32F1xx_HAL_Driver/Src/stm32f1xx_hal_tim.c.obj
 .text.TIM_OC2_SetConfig
                0x08006f88       0xd4 cmake/stm32cubemx/CMakeFiles/STM32_Drivers.dir/__/__/Drivers/STM32F1xx_HAL_Driver/Src/stm32f1xx_hal_tim.c.obj
                0x08006f88                TIM_OC2_SetConfig
 .text.TIM_OC3_SetConfig
                0x0800705c       0xd4 cmake/stm32cubemx/CMakeFiles/STM32_Drivers.dir/__/__/Drivers/STM32F1xx_HAL_Driver/Src/stm32f1xx_hal_tim.c.obj
 .text.TIM_OC4_SetConfig
                0x08007130       0x9c cmake/stm32cubemx/CMakeFiles/STM32_Drivers.dir/__/__/Drivers/STM32F1xx_HAL_Driver/Src/stm32f1xx_hal_tim.c.obj
 .text.TIM_TI1_ConfigInputStage
                0x080071cc       0x5c cmake/stm32cubemx/CMakeFiles/STM32_Drivers.dir/__/__/Drivers/STM32F1xx_HAL_Driver/Src/stm32f1xx_hal_tim.c.obj
 .text.TIM_TI2_ConfigInputStage
                0x08007228       0x5e cmake/stm32cubemx/CMakeFiles/STM32_Drivers.dir/__/__/Drivers/STM32F1xx_HAL_Driver/Src/stm32f1xx_hal_tim.c.obj
 .text.TIM_ITRx_SetConfig
                0x08007286       0x34 cmake/stm32cubemx/CMakeFiles/STM32_Drivers.dir/__/__/Drivers/STM32F1xx_HAL_Driver/Src/stm32f1xx_hal_tim.c.obj
 .text.TIM_ETR_SetConfig
                0x080072ba       0x3e cmake/stm32cubemx/CMakeFiles/STM32_Drivers.dir/__/__/Drivers/STM32F1xx_HAL_Driver/Src/stm32f1xx_hal_tim.c.obj
                0x080072ba                TIM_ETR_SetConfig
 .text.TIM_CCxChannelCmd
                0x080072f8       0x48 cmake/stm32cubemx/CMakeFiles/STM32_Drivers.dir/__/__/Drivers/STM32F1xx_HAL_Driver/Src/stm32f1xx_hal_tim.c.obj
                0x080072f8                TIM_CCxChannelCmd
 .text.HAL_TIMEx_MasterConfigSynchronization
                0x08007340       0xbc cmake/stm32cubemx/CMakeFiles/STM32_Drivers.dir/__/__/Drivers/STM32F1xx_HAL_Driver/Src/stm32f1xx_hal_tim_ex.c.obj
                0x08007340                HAL_TIMEx_MasterConfigSynchronization
 .text.HAL_TIMEx_ConfigBreakDeadTime
                0x080073fc       0xa2 cmake/stm32cubemx/CMakeFiles/STM32_Drivers.dir/__/__/Drivers/STM32F1xx_HAL_Driver/Src/stm32f1xx_hal_tim_ex.c.obj
                0x080073fc                HAL_TIMEx_ConfigBreakDeadTime
 .text.USBD_Init
                0x0800749e       0x56 cmake/stm32cubemx/CMakeFiles/USB_Device_Library.dir/__/__/Middlewares/ST/STM32_USB_Device_Library/Core/Src/usbd_core.c.obj
                0x0800749e                USBD_Init
 .text.USBD_RegisterClass
                0x080074f4       0x32 cmake/stm32cubemx/CMakeFiles/USB_Device_Library.dir/__/__/Middlewares/ST/STM32_USB_Device_Library/Core/Src/usbd_core.c.obj
                0x080074f4                USBD_RegisterClass
 .text.USBD_Start
                0x08007526       0x18 cmake/stm32cubemx/CMakeFiles/USB_Device_Library.dir/__/__/Middlewares/ST/STM32_USB_Device_Library/Core/Src/usbd_core.c.obj
                0x08007526                USBD_Start
 .text.USBD_RunTestMode
                0x0800753e       0x14 cmake/stm32cubemx/CMakeFiles/USB_Device_Library.dir/__/__/Middlewares/ST/STM32_USB_Device_Library/Core/Src/usbd_core.c.obj
                0x0800753e                USBD_RunTestMode
 .text.USBD_SetClassConfig
                0x08007552       0x3e cmake/stm32cubemx/CMakeFiles/USB_Device_Library.dir/__/__/Middlewares/ST/STM32_USB_Device_Library/Core/Src/usbd_core.c.obj
                0x08007552                USBD_SetClassConfig
 .text.USBD_ClrClassConfig
                0x08007590       0x26 cmake/stm32cubemx/CMakeFiles/USB_Device_Library.dir/__/__/Middlewares/ST/STM32_USB_Device_Library/Core/Src/usbd_core.c.obj
                0x08007590                USBD_ClrClassConfig
 .text.USBD_LL_SetupStage
                0x080075b6       0x9a cmake/stm32cubemx/CMakeFiles/USB_Device_Library.dir/__/__/Middlewares/ST/STM32_USB_Device_Library/Core/Src/usbd_core.c.obj
                0x080075b6                USBD_LL_SetupStage
 .text.USBD_LL_DataOutStage
                0x08007650       0xe2 cmake/stm32cubemx/CMakeFiles/USB_Device_Library.dir/__/__/Middlewares/ST/STM32_USB_Device_Library/Core/Src/usbd_core.c.obj
                0x08007650                USBD_LL_DataOutStage
 .text.USBD_LL_DataInStage
                0x08007732      0x14a cmake/stm32cubemx/CMakeFiles/USB_Device_Library.dir/__/__/Middlewares/ST/STM32_USB_Device_Library/Core/Src/usbd_core.c.obj
                0x08007732                USBD_LL_DataInStage
 .text.USBD_LL_Reset
                0x0800787c       0x82 cmake/stm32cubemx/CMakeFiles/USB_Device_Library.dir/__/__/Middlewares/ST/STM32_USB_Device_Library/Core/Src/usbd_core.c.obj
                0x0800787c                USBD_LL_Reset
 .text.USBD_LL_SetSpeed
                0x080078fe       0x1e cmake/stm32cubemx/CMakeFiles/USB_Device_Library.dir/__/__/Middlewares/ST/STM32_USB_Device_Library/Core/Src/usbd_core.c.obj
                0x080078fe                USBD_LL_SetSpeed
 .text.USBD_LL_Suspend
                0x0800791c       0x28 cmake/stm32cubemx/CMakeFiles/USB_Device_Library.dir/__/__/Middlewares/ST/STM32_USB_Device_Library/Core/Src/usbd_core.c.obj
                0x0800791c                USBD_LL_Suspend
 .text.USBD_LL_Resume
                0x08007944       0x2a cmake/stm32cubemx/CMakeFiles/USB_Device_Library.dir/__/__/Middlewares/ST/STM32_USB_Device_Library/Core/Src/usbd_core.c.obj
                0x08007944                USBD_LL_Resume
 .text.USBD_LL_SOF
                0x0800796e       0x34 cmake/stm32cubemx/CMakeFiles/USB_Device_Library.dir/__/__/Middlewares/ST/STM32_USB_Device_Library/Core/Src/usbd_core.c.obj
                0x0800796e                USBD_LL_SOF
 .text.USBD_StdDevReq
                0x080079a2       0xd2 cmake/stm32cubemx/CMakeFiles/USB_Device_Library.dir/__/__/Middlewares/ST/STM32_USB_Device_Library/Core/Src/usbd_ctlreq.c.obj
                0x080079a2                USBD_StdDevReq
 .text.USBD_StdItfReq
                0x08007a74       0x90 cmake/stm32cubemx/CMakeFiles/USB_Device_Library.dir/__/__/Middlewares/ST/STM32_USB_Device_Library/Core/Src/usbd_ctlreq.c.obj
                0x08007a74                USBD_StdItfReq
 .text.USBD_StdEPReq
                0x08007b04      0x2ca cmake/stm32cubemx/CMakeFiles/USB_Device_Library.dir/__/__/Middlewares/ST/STM32_USB_Device_Library/Core/Src/usbd_ctlreq.c.obj
                0x08007b04                USBD_StdEPReq
 .text.USBD_GetDescriptor
                0x08007dce      0x2de cmake/stm32cubemx/CMakeFiles/USB_Device_Library.dir/__/__/Middlewares/ST/STM32_USB_Device_Library/Core/Src/usbd_ctlreq.c.obj
 .text.USBD_SetAddress
                0x080080ac       0x86 cmake/stm32cubemx/CMakeFiles/USB_Device_Library.dir/__/__/Middlewares/ST/STM32_USB_Device_Library/Core/Src/usbd_ctlreq.c.obj
 *fill*         0x08008132        0x2 
 .text.USBD_SetConfig
                0x08008134      0x11c cmake/stm32cubemx/CMakeFiles/USB_Device_Library.dir/__/__/Middlewares/ST/STM32_USB_Device_Library/Core/Src/usbd_ctlreq.c.obj
 .text.USBD_GetConfig
                0x08008250       0x6a cmake/stm32cubemx/CMakeFiles/USB_Device_Library.dir/__/__/Middlewares/ST/STM32_USB_Device_Library/Core/Src/usbd_ctlreq.c.obj
 .text.USBD_GetStatus
                0x080082ba       0x66 cmake/stm32cubemx/CMakeFiles/USB_Device_Library.dir/__/__/Middlewares/ST/STM32_USB_Device_Library/Core/Src/usbd_ctlreq.c.obj
 .text.USBD_SetFeature
                0x08008320       0x28 cmake/stm32cubemx/CMakeFiles/USB_Device_Library.dir/__/__/Middlewares/ST/STM32_USB_Device_Library/Core/Src/usbd_ctlreq.c.obj
 .text.USBD_ClrFeature
                0x08008348       0x42 cmake/stm32cubemx/CMakeFiles/USB_Device_Library.dir/__/__/Middlewares/ST/STM32_USB_Device_Library/Core/Src/usbd_ctlreq.c.obj
 .text.USBD_ParseSetupRequest
                0x0800838a       0x72 cmake/stm32cubemx/CMakeFiles/USB_Device_Library.dir/__/__/Middlewares/ST/STM32_USB_Device_Library/Core/Src/usbd_ctlreq.c.obj
                0x0800838a                USBD_ParseSetupRequest
 .text.USBD_CtlError
                0x080083fc       0x22 cmake/stm32cubemx/CMakeFiles/USB_Device_Library.dir/__/__/Middlewares/ST/STM32_USB_Device_Library/Core/Src/usbd_ctlreq.c.obj
                0x080083fc                USBD_CtlError
 .text.USBD_GetString
                0x0800841e       0x84 cmake/stm32cubemx/CMakeFiles/USB_Device_Library.dir/__/__/Middlewares/ST/STM32_USB_Device_Library/Core/Src/usbd_ctlreq.c.obj
                0x0800841e                USBD_GetString
 .text.USBD_GetLen
                0x080084a2       0x2e cmake/stm32cubemx/CMakeFiles/USB_Device_Library.dir/__/__/Middlewares/ST/STM32_USB_Device_Library/Core/Src/usbd_ctlreq.c.obj
 .text.USBD_CtlSendData
                0x080084d0       0x38 cmake/stm32cubemx/CMakeFiles/USB_Device_Library.dir/__/__/Middlewares/ST/STM32_USB_Device_Library/Core/Src/usbd_ioreq.c.obj
                0x080084d0                USBD_CtlSendData
 .text.USBD_CtlContinueSendData
                0x08008508       0x24 cmake/stm32cubemx/CMakeFiles/USB_Device_Library.dir/__/__/Middlewares/ST/STM32_USB_Device_Library/Core/Src/usbd_ioreq.c.obj
                0x08008508                USBD_CtlContinueSendData
 .text.USBD_CtlPrepareRx
                0x0800852c       0x3c cmake/stm32cubemx/CMakeFiles/USB_Device_Library.dir/__/__/Middlewares/ST/STM32_USB_Device_Library/Core/Src/usbd_ioreq.c.obj
                0x0800852c                USBD_CtlPrepareRx
 .text.USBD_CtlContinueRx
                0x08008568       0x24 cmake/stm32cubemx/CMakeFiles/USB_Device_Library.dir/__/__/Middlewares/ST/STM32_USB_Device_Library/Core/Src/usbd_ioreq.c.obj
                0x08008568                USBD_CtlContinueRx
 .text.USBD_CtlSendStatus
                0x0800858c       0x26 cmake/stm32cubemx/CMakeFiles/USB_Device_Library.dir/__/__/Middlewares/ST/STM32_USB_Device_Library/Core/Src/usbd_ioreq.c.obj
                0x0800858c                USBD_CtlSendStatus
 .text.USBD_CtlReceiveStatus
                0x080085b2       0x26 cmake/stm32cubemx/CMakeFiles/USB_Device_Library.dir/__/__/Middlewares/ST/STM32_USB_Device_Library/Core/Src/usbd_ioreq.c.obj
                0x080085b2                USBD_CtlReceiveStatus
 .text.USBD_CDC_Init
                0x080085d8       0xf4 cmake/stm32cubemx/CMakeFiles/USB_Device_Library.dir/__/__/Middlewares/ST/STM32_USB_Device_Library/Class/CDC/Src/usbd_cdc.c.obj
 .text.USBD_CDC_DeInit
                0x080086cc       0x6e cmake/stm32cubemx/CMakeFiles/USB_Device_Library.dir/__/__/Middlewares/ST/STM32_USB_Device_Library/Class/CDC/Src/usbd_cdc.c.obj
 .text.USBD_CDC_Setup
                0x0800873a      0x146 cmake/stm32cubemx/CMakeFiles/USB_Device_Library.dir/__/__/Middlewares/ST/STM32_USB_Device_Library/Class/CDC/Src/usbd_cdc.c.obj
 .text.USBD_CDC_DataIn
                0x08008880       0xa6 cmake/stm32cubemx/CMakeFiles/USB_Device_Library.dir/__/__/Middlewares/ST/STM32_USB_Device_Library/Class/CDC/Src/usbd_cdc.c.obj
 .text.USBD_CDC_DataOut
                0x08008926       0x56 cmake/stm32cubemx/CMakeFiles/USB_Device_Library.dir/__/__/Middlewares/ST/STM32_USB_Device_Library/Class/CDC/Src/usbd_cdc.c.obj
 .text.USBD_CDC_EP0_RxReady
                0x0800897c       0x4e cmake/stm32cubemx/CMakeFiles/USB_Device_Library.dir/__/__/Middlewares/ST/STM32_USB_Device_Library/Class/CDC/Src/usbd_cdc.c.obj
 *fill*         0x080089ca        0x2 
 .text.USBD_CDC_GetFSCfgDesc
                0x080089cc       0x20 cmake/stm32cubemx/CMakeFiles/USB_Device_Library.dir/__/__/Middlewares/ST/STM32_USB_Device_Library/Class/CDC/Src/usbd_cdc.c.obj
 .text.USBD_CDC_GetHSCfgDesc
                0x080089ec       0x20 cmake/stm32cubemx/CMakeFiles/USB_Device_Library.dir/__/__/Middlewares/ST/STM32_USB_Device_Library/Class/CDC/Src/usbd_cdc.c.obj
 .text.USBD_CDC_GetOtherSpeedCfgDesc
                0x08008a0c       0x20 cmake/stm32cubemx/CMakeFiles/USB_Device_Library.dir/__/__/Middlewares/ST/STM32_USB_Device_Library/Class/CDC/Src/usbd_cdc.c.obj
 .text.USBD_CDC_GetDeviceQualifierDescriptor
                0x08008a2c       0x20 cmake/stm32cubemx/CMakeFiles/USB_Device_Library.dir/__/__/Middlewares/ST/STM32_USB_Device_Library/Class/CDC/Src/usbd_cdc.c.obj
                0x08008a2c                USBD_CDC_GetDeviceQualifierDescriptor
 .text.USBD_CDC_RegisterInterface
                0x08008a4c       0x2c cmake/stm32cubemx/CMakeFiles/USB_Device_Library.dir/__/__/Middlewares/ST/STM32_USB_Device_Library/Class/CDC/Src/usbd_cdc.c.obj
                0x08008a4c                USBD_CDC_RegisterInterface
 .text.USBD_CDC_SetTxBuffer
                0x08008a78       0x32 cmake/stm32cubemx/CMakeFiles/USB_Device_Library.dir/__/__/Middlewares/ST/STM32_USB_Device_Library/Class/CDC/Src/usbd_cdc.c.obj
                0x08008a78                USBD_CDC_SetTxBuffer
 .text.USBD_CDC_SetRxBuffer
                0x08008aaa       0x26 cmake/stm32cubemx/CMakeFiles/USB_Device_Library.dir/__/__/Middlewares/ST/STM32_USB_Device_Library/Class/CDC/Src/usbd_cdc.c.obj
                0x08008aaa                USBD_CDC_SetRxBuffer
 .text.USBD_CDC_TransmitPacket
                0x08008ad0       0x5e cmake/stm32cubemx/CMakeFiles/USB_Device_Library.dir/__/__/Middlewares/ST/STM32_USB_Device_Library/Class/CDC/Src/usbd_cdc.c.obj
                0x08008ad0                USBD_CDC_TransmitPacket
 .text.USBD_CDC_ReceivePacket
                0x08008b2e       0x54 cmake/stm32cubemx/CMakeFiles/USB_Device_Library.dir/__/__/Middlewares/ST/STM32_USB_Device_Library/Class/CDC/Src/usbd_cdc.c.obj
                0x08008b2e                USBD_CDC_ReceivePacket
 *fill*         0x08008b82        0x2 
 .text.HAL_PCD_MspInit
                0x08008b84       0x4c CMakeFiles/motor_control.dir/USB_DEVICE/Target/usbd_conf.c.obj
                0x08008b84                HAL_PCD_MspInit
 .text.HAL_PCD_SetupStageCallback
                0x08008bd0       0x24 CMakeFiles/motor_control.dir/USB_DEVICE/Target/usbd_conf.c.obj
                0x08008bd0                HAL_PCD_SetupStageCallback
 .text.HAL_PCD_DataOutStageCallback
                0x08008bf4       0x36 CMakeFiles/motor_control.dir/USB_DEVICE/Target/usbd_conf.c.obj
                0x08008bf4                HAL_PCD_DataOutStageCallback
 .text.HAL_PCD_DataInStageCallback
                0x08008c2a       0x34 CMakeFiles/motor_control.dir/USB_DEVICE/Target/usbd_conf.c.obj
                0x08008c2a                HAL_PCD_DataInStageCallback
 .text.HAL_PCD_SOFCallback
                0x08008c5e       0x1c CMakeFiles/motor_control.dir/USB_DEVICE/Target/usbd_conf.c.obj
                0x08008c5e                HAL_PCD_SOFCallback
 .text.HAL_PCD_ResetCallback
                0x08008c7a       0x3c CMakeFiles/motor_control.dir/USB_DEVICE/Target/usbd_conf.c.obj
                0x08008c7a                HAL_PCD_ResetCallback
 *fill*         0x08008cb6        0x2 
 .text.HAL_PCD_SuspendCallback
                0x08008cb8       0x34 CMakeFiles/motor_control.dir/USB_DEVICE/Target/usbd_conf.c.obj
                0x08008cb8                HAL_PCD_SuspendCallback
 .text.HAL_PCD_ResumeCallback
                0x08008cec       0x1c CMakeFiles/motor_control.dir/USB_DEVICE/Target/usbd_conf.c.obj
                0x08008cec                HAL_PCD_ResumeCallback
 .text.USBD_LL_Init
                0x08008d08       0xb4 CMakeFiles/motor_control.dir/USB_DEVICE/Target/usbd_conf.c.obj
                0x08008d08                USBD_LL_Init
 .text.USBD_LL_Start
                0x08008dbc       0x36 CMakeFiles/motor_control.dir/USB_DEVICE/Target/usbd_conf.c.obj
                0x08008dbc                USBD_LL_Start
 .text.USBD_LL_OpenEP
                0x08008df2       0x4c CMakeFiles/motor_control.dir/USB_DEVICE/Target/usbd_conf.c.obj
                0x08008df2                USBD_LL_OpenEP
 .text.USBD_LL_CloseEP
                0x08008e3e       0x3e CMakeFiles/motor_control.dir/USB_DEVICE/Target/usbd_conf.c.obj
                0x08008e3e                USBD_LL_CloseEP
 .text.USBD_LL_StallEP
                0x08008e7c       0x3e CMakeFiles/motor_control.dir/USB_DEVICE/Target/usbd_conf.c.obj
                0x08008e7c                USBD_LL_StallEP
 .text.USBD_LL_ClearStallEP
                0x08008eba       0x3e CMakeFiles/motor_control.dir/USB_DEVICE/Target/usbd_conf.c.obj
                0x08008eba                USBD_LL_ClearStallEP
 .text.USBD_LL_IsStallEP
                0x08008ef8       0x56 CMakeFiles/motor_control.dir/USB_DEVICE/Target/usbd_conf.c.obj
                0x08008ef8                USBD_LL_IsStallEP
 .text.USBD_LL_SetUSBAddress
                0x08008f4e       0x3e CMakeFiles/motor_control.dir/USB_DEVICE/Target/usbd_conf.c.obj
                0x08008f4e                USBD_LL_SetUSBAddress
 .text.USBD_LL_Transmit
                0x08008f8c       0x46 CMakeFiles/motor_control.dir/USB_DEVICE/Target/usbd_conf.c.obj
                0x08008f8c                USBD_LL_Transmit
 .text.USBD_LL_PrepareReceive
                0x08008fd2       0x46 CMakeFiles/motor_control.dir/USB_DEVICE/Target/usbd_conf.c.obj
                0x08008fd2                USBD_LL_PrepareReceive
 .text.USBD_LL_GetRxDataSize
                0x08009018       0x26 CMakeFiles/motor_control.dir/USB_DEVICE/Target/usbd_conf.c.obj
                0x08009018                USBD_LL_GetRxDataSize
 *fill*         0x0800903e        0x2 
 .text.USBD_static_malloc
                0x08009040       0x18 CMakeFiles/motor_control.dir/USB_DEVICE/Target/usbd_conf.c.obj
                0x08009040                USBD_static_malloc
 .text.USBD_static_free
                0x08009058       0x12 CMakeFiles/motor_control.dir/USB_DEVICE/Target/usbd_conf.c.obj
                0x08009058                USBD_static_free
 .text.HAL_PCDEx_SetConnectionState
                0x0800906a       0x16 CMakeFiles/motor_control.dir/USB_DEVICE/Target/usbd_conf.c.obj
                0x0800906a                HAL_PCDEx_SetConnectionState
 .text.USBD_Get_USB_Status
                0x08009080       0x54 CMakeFiles/motor_control.dir/USB_DEVICE/Target/usbd_conf.c.obj
 .text.MX_USB_DEVICE_Init
                0x080090d4       0x60 CMakeFiles/motor_control.dir/USB_DEVICE/App/usb_device.c.obj
                0x080090d4                MX_USB_DEVICE_Init
 .text.USBD_FS_DeviceDescriptor
                0x08009134       0x24 CMakeFiles/motor_control.dir/USB_DEVICE/App/usbd_desc.c.obj
                0x08009134                USBD_FS_DeviceDescriptor
 .text.USBD_FS_LangIDStrDescriptor
                0x08009158       0x24 CMakeFiles/motor_control.dir/USB_DEVICE/App/usbd_desc.c.obj
                0x08009158                USBD_FS_LangIDStrDescriptor
 .text.USBD_FS_ProductStrDescriptor
                0x0800917c       0x3c CMakeFiles/motor_control.dir/USB_DEVICE/App/usbd_desc.c.obj
                0x0800917c                USBD_FS_ProductStrDescriptor
 .text.USBD_FS_ManufacturerStrDescriptor
                0x080091b8       0x28 CMakeFiles/motor_control.dir/USB_DEVICE/App/usbd_desc.c.obj
                0x080091b8                USBD_FS_ManufacturerStrDescriptor
 .text.USBD_FS_SerialStrDescriptor
                0x080091e0       0x24 CMakeFiles/motor_control.dir/USB_DEVICE/App/usbd_desc.c.obj
                0x080091e0                USBD_FS_SerialStrDescriptor
 .text.USBD_FS_ConfigStrDescriptor
                0x08009204       0x3c CMakeFiles/motor_control.dir/USB_DEVICE/App/usbd_desc.c.obj
                0x08009204                USBD_FS_ConfigStrDescriptor
 .text.USBD_FS_InterfaceStrDescriptor
                0x08009240       0x3c CMakeFiles/motor_control.dir/USB_DEVICE/App/usbd_desc.c.obj
                0x08009240                USBD_FS_InterfaceStrDescriptor
 .text.Get_SerialNum
                0x0800927c       0x58 CMakeFiles/motor_control.dir/USB_DEVICE/App/usbd_desc.c.obj
 .text.IntToUnicode
                0x080092d4       0x7c CMakeFiles/motor_control.dir/USB_DEVICE/App/usbd_desc.c.obj
 .text.CDC_Init_FS
                0x08009350       0x28 CMakeFiles/motor_control.dir/USB_DEVICE/App/usbd_cdc_if.c.obj
 .text.CDC_DeInit_FS
                0x08009378        0xe CMakeFiles/motor_control.dir/USB_DEVICE/App/usbd_cdc_if.c.obj
 .text.CDC_Control_FS
                0x08009386       0x86 CMakeFiles/motor_control.dir/USB_DEVICE/App/usbd_cdc_if.c.obj
 .text.CDC_Receive_FS
                0x0800940c       0x28 CMakeFiles/motor_control.dir/USB_DEVICE/App/usbd_cdc_if.c.obj
 .text.__io_putchar
                0x08009434       0x5c CMakeFiles/motor_control.dir/USB_DEVICE/App/usbd_cdc_if.c.obj
                0x08009434                __io_putchar
 .text.CDC_Flush_Tx
                0x08009490       0xb8 CMakeFiles/motor_control.dir/USB_DEVICE/App/usbd_cdc_if.c.obj
                0x08009490                CDC_Flush_Tx
 .text.main     0x08009548      0x388 CMakeFiles/motor_control.dir/Core/Src/main.c.obj
                0x08009548                main
 .text.SystemClock_Config
                0x080098d0       0xba CMakeFiles/motor_control.dir/Core/Src/main.c.obj
                0x080098d0                SystemClock_Config
 *fill*         0x0800998a        0x2 
 .text.MX_ADC1_Init
                0x0800998c       0xdc CMakeFiles/motor_control.dir/Core/Src/main.c.obj
 .text.MX_I2C2_Init
                0x08009a68       0x5c CMakeFiles/motor_control.dir/Core/Src/main.c.obj
 .text.MX_TIM1_Init
                0x08009ac4      0x14c CMakeFiles/motor_control.dir/Core/Src/main.c.obj
 .text.MX_TIM2_Init
                0x08009c10      0x108 CMakeFiles/motor_control.dir/Core/Src/main.c.obj
 .text.MX_GPIO_Init
                0x08009d18      0x12c CMakeFiles/motor_control.dir/Core/Src/main.c.obj
 .text.Error_Handler
                0x08009e44        0xc CMakeFiles/motor_control.dir/Core/Src/main.c.obj
                0x08009e44                Error_Handler
 .text.NMI_Handler
                0x08009e50        0x8 CMakeFiles/motor_control.dir/Core/Src/stm32f1xx_it.c.obj
                0x08009e50                NMI_Handler
 .text.HardFault_Handler
                0x08009e58        0x8 CMakeFiles/motor_control.dir/Core/Src/stm32f1xx_it.c.obj
                0x08009e58                HardFault_Handler
 .text.MemManage_Handler
                0x08009e60        0x8 CMakeFiles/motor_control.dir/Core/Src/stm32f1xx_it.c.obj
                0x08009e60                MemManage_Handler
 .text.BusFault_Handler
                0x08009e68        0x8 CMakeFiles/motor_control.dir/Core/Src/stm32f1xx_it.c.obj
                0x08009e68                BusFault_Handler
 .text.UsageFault_Handler
                0x08009e70        0x8 CMakeFiles/motor_control.dir/Core/Src/stm32f1xx_it.c.obj
                0x08009e70                UsageFault_Handler
 .text.SVC_Handler
                0x08009e78        0xc CMakeFiles/motor_control.dir/Core/Src/stm32f1xx_it.c.obj
                0x08009e78                SVC_Handler
 .text.DebugMon_Handler
                0x08009e84        0xc CMakeFiles/motor_control.dir/Core/Src/stm32f1xx_it.c.obj
                0x08009e84                DebugMon_Handler
 .text.PendSV_Handler
                0x08009e90        0xc CMakeFiles/motor_control.dir/Core/Src/stm32f1xx_it.c.obj
                0x08009e90                PendSV_Handler
 .text.SysTick_Handler
                0x08009e9c        0xc CMakeFiles/motor_control.dir/Core/Src/stm32f1xx_it.c.obj
                0x08009e9c                SysTick_Handler
 .text.USB_LP_CAN1_RX0_IRQHandler
                0x08009ea8       0x14 CMakeFiles/motor_control.dir/Core/Src/stm32f1xx_it.c.obj
                0x08009ea8                USB_LP_CAN1_RX0_IRQHandler
 .text.HAL_MspInit
                0x08009ebc       0x64 CMakeFiles/motor_control.dir/Core/Src/stm32f1xx_hal_msp.c.obj
                0x08009ebc                HAL_MspInit
 .text.HAL_ADC_MspInit
                0x08009f20       0x78 CMakeFiles/motor_control.dir/Core/Src/stm32f1xx_hal_msp.c.obj
                0x08009f20                HAL_ADC_MspInit
 .text.HAL_I2C_MspInit
                0x08009f98       0x80 CMakeFiles/motor_control.dir/Core/Src/stm32f1xx_hal_msp.c.obj
                0x08009f98                HAL_I2C_MspInit
 .text.HAL_TIM_Base_MspInit
                0x0800a018       0x60 CMakeFiles/motor_control.dir/Core/Src/stm32f1xx_hal_msp.c.obj
                0x0800a018                HAL_TIM_Base_MspInit
 .text.HAL_TIM_MspPostInit
                0x0800a078       0xa4 CMakeFiles/motor_control.dir/Core/Src/stm32f1xx_hal_msp.c.obj
                0x0800a078                HAL_TIM_MspPostInit
 .text._sbrk    0x0800a11c       0x6c CMakeFiles/motor_control.dir/Core/Src/sysmem.c.obj
                0x0800a11c                _sbrk
 .text._read    0x0800a188       0x3a CMakeFiles/motor_control.dir/Core/Src/syscalls.c.obj
                0x0800a188                _read
 .text._write   0x0800a1c2       0x38 CMakeFiles/motor_control.dir/Core/Src/syscalls.c.obj
                0x0800a1c2                _write
 .text._close   0x0800a1fa       0x16 CMakeFiles/motor_control.dir/Core/Src/syscalls.c.obj
                0x0800a1fa                _close
 .text._fstat   0x0800a210       0x1e CMakeFiles/motor_control.dir/Core/Src/syscalls.c.obj
                0x0800a210                _fstat
 .text._isatty  0x0800a22e       0x14 CMakeFiles/motor_control.dir/Core/Src/syscalls.c.obj
                0x0800a22e                _isatty
 .text._lseek   0x0800a242       0x18 CMakeFiles/motor_control.dir/Core/Src/syscalls.c.obj
                0x0800a242                _lseek
 *fill*         0x0800a25a        0x2 
 .text.Reset_Handler
                0x0800a25c       0x48 CMakeFiles/motor_control.dir/startup_stm32f103xb.s.obj
                0x0800a25c                Reset_Handler
 .text.Default_Handler
                0x0800a2a4        0x2 CMakeFiles/motor_control.dir/startup_stm32f103xb.s.obj
                0x0800a2a4                USBWakeUp_IRQHandler
                0x0800a2a4                EXTI2_IRQHandler
                0x0800a2a4                TIM1_CC_IRQHandler
                0x0800a2a4                PVD_IRQHandler
                0x0800a2a4                EXTI3_IRQHandler
                0x0800a2a4                EXTI0_IRQHandler
                0x0800a2a4                I2C2_EV_IRQHandler
                0x0800a2a4                ADC1_2_IRQHandler
                0x0800a2a4                SPI1_IRQHandler
                0x0800a2a4                TAMPER_IRQHandler
                0x0800a2a4                DMA1_Channel4_IRQHandler
                0x0800a2a4                USART3_IRQHandler
                0x0800a2a4                RTC_IRQHandler
                0x0800a2a4                DMA1_Channel7_IRQHandler
                0x0800a2a4                CAN1_RX1_IRQHandler
                0x0800a2a4                TIM4_IRQHandler
                0x0800a2a4                I2C1_EV_IRQHandler
                0x0800a2a4                DMA1_Channel6_IRQHandler
                0x0800a2a4                TIM3_IRQHandler
                0x0800a2a4                RCC_IRQHandler
                0x0800a2a4                TIM1_TRG_COM_IRQHandler
                0x0800a2a4                DMA1_Channel1_IRQHandler
                0x0800a2a4                Default_Handler
                0x0800a2a4                EXTI15_10_IRQHandler
                0x0800a2a4                EXTI9_5_IRQHandler
                0x0800a2a4                SPI2_IRQHandler
                0x0800a2a4                DMA1_Channel5_IRQHandler
                0x0800a2a4                EXTI4_IRQHandler
                0x0800a2a4                USB_HP_CAN1_TX_IRQHandler
                0x0800a2a4                DMA1_Channel3_IRQHandler
                0x0800a2a4                TIM1_UP_IRQHandler
                0x0800a2a4                WWDG_IRQHandler
                0x0800a2a4                TIM2_IRQHandler
                0x0800a2a4                TIM1_BRK_IRQHandler
                0x0800a2a4                EXTI1_IRQHandler
                0x0800a2a4                USART2_IRQHandler
                0x0800a2a4                I2C2_ER_IRQHandler
                0x0800a2a4                DMA1_Channel2_IRQHandler
                0x0800a2a4                CAN1_SCE_IRQHandler
                0x0800a2a4                FLASH_IRQHandler
                0x0800a2a4                USART1_IRQHandler
                0x0800a2a4                I2C1_ER_IRQHandler
                0x0800a2a4                RTC_Alarm_IRQHandler
 *fill*         0x0800a2a6        0x2 
 .text.std      0x0800a2a8       0x6c /Applications/ArmGNUToolchain/15.2.rel1/arm-none-eabi/bin/../lib/gcc/arm-none-eabi/15.2.1/../../../../arm-none-eabi/lib/thumb/v7-m/nofp/libg_nano.a(libc_a-findfp.o)
 .text.stdio_exit_handler
                0x0800a314       0x18 /Applications/ArmGNUToolchain/15.2.rel1/arm-none-eabi/bin/../lib/gcc/arm-none-eabi/15.2.1/../../../../arm-none-eabi/lib/thumb/v7-m/nofp/libg_nano.a(libc_a-findfp.o)
 .text.cleanup_stdio
                0x0800a32c       0x40 /Applications/ArmGNUToolchain/15.2.rel1/arm-none-eabi/bin/../lib/gcc/arm-none-eabi/15.2.1/../../../../arm-none-eabi/lib/thumb/v7-m/nofp/libg_nano.a(libc_a-findfp.o)
 .text.global_stdio_init.part.0
                0x0800a36c       0x40 /Applications/ArmGNUToolchain/15.2.rel1/arm-none-eabi/bin/../lib/gcc/arm-none-eabi/15.2.1/../../../../arm-none-eabi/lib/thumb/v7-m/nofp/libg_nano.a(libc_a-findfp.o)
 .text.__sfp_lock_acquire
                0x0800a3ac        0xc /Applications/ArmGNUToolchain/15.2.rel1/arm-none-eabi/bin/../lib/gcc/arm-none-eabi/15.2.1/../../../../arm-none-eabi/lib/thumb/v7-m/nofp/libg_nano.a(libc_a-findfp.o)
                0x0800a3ac                __sfp_lock_acquire
 .text.__sfp_lock_release
                0x0800a3b8        0xc /Applications/ArmGNUToolchain/15.2.rel1/arm-none-eabi/bin/../lib/gcc/arm-none-eabi/15.2.1/../../../../arm-none-eabi/lib/thumb/v7-m/nofp/libg_nano.a(libc_a-findfp.o)
                0x0800a3b8                __sfp_lock_release
 .text.__sinit  0x0800a3c4       0x30 /Applications/ArmGNUToolchain/15.2.rel1/arm-none-eabi/bin/../lib/gcc/arm-none-eabi/15.2.1/../../../../arm-none-eabi/lib/thumb/v7-m/nofp/libg_nano.a(libc_a-findfp.o)
                0x0800a3c4                __sinit
 .text._fwalk_sglue
                0x0800a3f4       0x3a /Applications/ArmGNUToolchain/15.2.rel1/arm-none-eabi/bin/../lib/gcc/arm-none-eabi/15.2.1/../../../../arm-none-eabi/lib/thumb/v7-m/nofp/libg_nano.a(libc_a-fwalk.o)
                0x0800a3f4                _fwalk_sglue
 *fill*         0x0800a42e        0x2 
 .text.printf   0x0800a430       0x24 /Applications/ArmGNUToolchain/15.2.rel1/arm-none-eabi/bin/../lib/gcc/arm-none-eabi/15.2.1/../../../../arm-none-eabi/lib/thumb/v7-m/nofp/libg_nano.a(libc_a-printf.o)
                0x0800a430                printf
                0x0800a430                iprintf
 .text.memset   0x0800a454       0x10 /Applications/ArmGNUToolchain/15.2.rel1/arm-none-eabi/bin/../lib/gcc/arm-none-eabi/15.2.1/../../../../arm-none-eabi/lib/thumb/v7-m/nofp/libg_nano.a(libc_a-memset.o)
                0x0800a454                memset
 .text.__errno  0x0800a464        0xc /Applications/ArmGNUToolchain/15.2.rel1/arm-none-eabi/bin/../lib/gcc/arm-none-eabi/15.2.1/../../../../arm-none-eabi/lib/thumb/v7-m/nofp/libg_nano.a(libc_a-errno.o)
                0x0800a464                __errno
 .text.__libc_init_array
                0x0800a470       0x48 /Applications/ArmGNUToolchain/15.2.rel1/arm-none-eabi/bin/../lib/gcc/arm-none-eabi/15.2.1/../../../../arm-none-eabi/lib/thumb/v7-m/nofp/libg_nano.a(libc_a-init.o)
                0x0800a470                __libc_init_array
 .text.__retarget_lock_init_recursive
                0x0800a4b8        0x2 /Applications/ArmGNUToolchain/15.2.rel1/arm-none-eabi/bin/../lib/gcc/arm-none-eabi/15.2.1/../../../../arm-none-eabi/lib/thumb/v7-m/nofp/libg_nano.a(libc_a-lock.o)
                0x0800a4b8                __retarget_lock_init_recursive
 .text.__retarget_lock_acquire_recursive
                0x0800a4ba        0x2 /Applications/ArmGNUToolchain/15.2.rel1/arm-none-eabi/bin/../lib/gcc/arm-none-eabi/15.2.1/../../../../arm-none-eabi/lib/thumb/v7-m/nofp/libg_nano.a(libc_a-lock.o)
                0x0800a4ba                __retarget_lock_acquire_recursive
 .text.__retarget_lock_release_recursive
                0x0800a4bc        0x2 /Applications/ArmGNUToolchain/15.2.rel1/arm-none-eabi/bin/../lib/gcc/arm-none-eabi/15.2.1/../../../../arm-none-eabi/lib/thumb/v7-m/nofp/libg_nano.a(libc_a-lock.o)
                0x0800a4bc                __retarget_lock_release_recursive
 *fill*         0x0800a4be        0x2 
 .text.sbrk_aligned
                0x0800a4c0       0x44 /Applications/ArmGNUToolchain/15.2.rel1/arm-none-eabi/bin/../lib/gcc/arm-none-eabi/15.2.1/../../../../arm-none-eabi/lib/thumb/v7-m/nofp/libg_nano.a(libc_a-mallocr.o)
 .text._malloc_r
                0x0800a504       0xf8 /Applications/ArmGNUToolchain/15.2.rel1/arm-none-eabi/bin/../lib/gcc/arm-none-eabi/15.2.1/../../../../arm-none-eabi/lib/thumb/v7-m/nofp/libg_nano.a(libc_a-mallocr.o)
                0x0800a504                _malloc_r
 .text.__sfputc_r
                0x0800a5fc       0x2a /Applications/ArmGNUToolchain/15.2.rel1/arm-none-eabi/bin/../lib/gcc/arm-none-eabi/15.2.1/../../../../arm-none-eabi/lib/thumb/v7-m/nofp/libg_nano.a(libc_a-nano-vfprintf.o)
 .text.__sfputs_r
                0x0800a626       0x24 /Applications/ArmGNUToolchain/15.2.rel1/arm-none-eabi/bin/../lib/gcc/arm-none-eabi/15.2.1/../../../../arm-none-eabi/lib/thumb/v7-m/nofp/libg_nano.a(libc_a-nano-vfprintf.o)
                0x0800a626                __sfputs_r
 *fill*         0x0800a64a        0x2 
 .text._vfprintf_r
                0x0800a64c      0x228 /Applications/ArmGNUToolchain/15.2.rel1/arm-none-eabi/bin/../lib/gcc/arm-none-eabi/15.2.1/../../../../arm-none-eabi/lib/thumb/v7-m/nofp/libg_nano.a(libc_a-nano-vfprintf.o)
                0x0800a64c                _vfiprintf_r
                0x0800a64c                _vfprintf_r
 .text._printf_common
                0x0800a874       0xea /Applications/ArmGNUToolchain/15.2.rel1/arm-none-eabi/bin/../lib/gcc/arm-none-eabi/15.2.1/../../../../arm-none-eabi/lib/thumb/v7-m/nofp/libg_nano.a(libc_a-nano-vfprintf_i.o)
                0x0800a874                _printf_common
 *fill*         0x0800a95e        0x2 
 .text._printf_i
                0x0800a960      0x254 /Applications/ArmGNUToolchain/15.2.rel1/arm-none-eabi/bin/../lib/gcc/arm-none-eabi/15.2.1/../../../../arm-none-eabi/lib/thumb/v7-m/nofp/libg_nano.a(libc_a-nano-vfprintf_i.o)
                0x0800a960                _printf_i
 .text.__malloc_lock
                0x0800abb4        0xc /Applications/ArmGNUToolchain/15.2.rel1/arm-none-eabi/bin/../lib/gcc/arm-none-eabi/15.2.1/../../../../arm-none-eabi/lib/thumb/v7-m/nofp/libg_nano.a(libc_a-mlock.o)
                0x0800abb4                __malloc_lock
 .text.__malloc_unlock
                0x0800abc0        0xc /Applications/ArmGNUToolchain/15.2.rel1/arm-none-eabi/bin/../lib/gcc/arm-none-eabi/15.2.1/../../../../arm-none-eabi/lib/thumb/v7-m/nofp/libg_nano.a(libc_a-mlock.o)
                0x0800abc0                __malloc_unlock
 .text.__sread  0x0800abcc       0x22 /Applications/ArmGNUToolchain/15.2.rel1/arm-none-eabi/bin/../lib/gcc/arm-none-eabi/15.2.1/../../../../arm-none-eabi/lib/thumb/v7-m/nofp/libg_nano.a(libc_a-stdio.o)
                0x0800abcc                __sread
 .text.__swrite
                0x0800abee       0x38 /Applications/ArmGNUToolchain/15.2.rel1/arm-none-eabi/bin/../lib/gcc/arm-none-eabi/15.2.1/../../../../arm-none-eabi/lib/thumb/v7-m/nofp/libg_nano.a(libc_a-stdio.o)
                0x0800abee                __swrite
 .text.__sseek  0x0800ac26       0x26 /Applications/ArmGNUToolchain/15.2.rel1/arm-none-eabi/bin/../lib/gcc/arm-none-eabi/15.2.1/../../../../arm-none-eabi/lib/thumb/v7-m/nofp/libg_nano.a(libc_a-stdio.o)
                0x0800ac26                __sseek
 .text.__sclose
                0x0800ac4c        0x8 /Applications/ArmGNUToolchain/15.2.rel1/arm-none-eabi/bin/../lib/gcc/arm-none-eabi/15.2.1/../../../../arm-none-eabi/lib/thumb/v7-m/nofp/libg_nano.a(libc_a-stdio.o)
                0x0800ac4c                __sclose
 .text.__sflush_r
                0x0800ac54       0xf8 /Applications/ArmGNUToolchain/15.2.rel1/arm-none-eabi/bin/../lib/gcc/arm-none-eabi/15.2.1/../../../../arm-none-eabi/lib/thumb/v7-m/nofp/libg_nano.a(libc_a-fflush.o)
                0x0800ac54                __sflush_r
 .text._fflush_r
                0x0800ad4c       0x50 /Applications/ArmGNUToolchain/15.2.rel1/arm-none-eabi/bin/../lib/gcc/arm-none-eabi/15.2.1/../../../../arm-none-eabi/lib/thumb/v7-m/nofp/libg_nano.a(libc_a-fflush.o)
                0x0800ad4c                _fflush_r
 .text.__swbuf_r
                0x0800ad9c       0x7a /Applications/ArmGNUToolchain/15.2.rel1/arm-none-eabi/bin/../lib/gcc/arm-none-eabi/15.2.1/../../../../arm-none-eabi/lib/thumb/v7-m/nofp/libg_nano.a(libc_a-wbuf.o)
                0x0800ad9c                __swbuf_r
 *fill*         0x0800ae16        0x2 
 .text.__swsetup_r
                0x0800ae18       0xa8 /Applications/ArmGNUToolchain/15.2.rel1/arm-none-eabi/bin/../lib/gcc/arm-none-eabi/15.2.1/../../../../arm-none-eabi/lib/thumb/v7-m/nofp/libg_nano.a(libc_a-wsetup.o)
                0x0800ae18                __swsetup_r
 .text.__swhatbuf_r
                0x0800aec0       0x48 /Applications/ArmGNUToolchain/15.2.rel1/arm-none-eabi/bin/../lib/gcc/arm-none-eabi/15.2.1/../../../../arm-none-eabi/lib/thumb/v7-m/nofp/libg_nano.a(libc_a-makebuf.o)
                0x0800aec0                __swhatbuf_r
 .text.__smakebuf_r
                0x0800af08       0x72 /Applications/ArmGNUToolchain/15.2.rel1/arm-none-eabi/bin/../lib/gcc/arm-none-eabi/15.2.1/../../../../arm-none-eabi/lib/thumb/v7-m/nofp/libg_nano.a(libc_a-makebuf.o)
                0x0800af08                __smakebuf_r
 *fill*         0x0800af7a        0x2 
 .text._isatty_r
                0x0800af7c       0x20 /Applications/ArmGNUToolchain/15.2.rel1/arm-none-eabi/bin/../lib/gcc/arm-none-eabi/15.2.1/../../../../arm-none-eabi/lib/thumb/v7-m/nofp/libg_nano.a(libc_a-isattyr.o)
                0x0800af7c                _isatty_r
 .text._lseek_r
                0x0800af9c       0x24 /Applications/ArmGNUToolchain/15.2.rel1/arm-none-eabi/bin/../lib/gcc/arm-none-eabi/15.2.1/../../../../arm-none-eabi/lib/thumb/v7-m/nofp/libg_nano.a(libc_a-lseekr.o)
                0x0800af9c                _lseek_r
 .text._read_r  0x0800afc0       0x24 /Applications/ArmGNUToolchain/15.2.rel1/arm-none-eabi/bin/../lib/gcc/arm-none-eabi/15.2.1/../../../../arm-none-eabi/lib/thumb/v7-m/nofp/libg_nano.a(libc_a-readr.o)
                0x0800afc0                _read_r
 .text._sbrk_r  0x0800afe4       0x20 /Applications/ArmGNUToolchain/15.2.rel1/arm-none-eabi/bin/../lib/gcc/arm-none-eabi/15.2.1/../../../../arm-none-eabi/lib/thumb/v7-m/nofp/libg_nano.a(libc_a-sbrkr.o)
                0x0800afe4                _sbrk_r
 .text._write_r
                0x0800b004       0x24 /Applications/ArmGNUToolchain/15.2.rel1/arm-none-eabi/bin/../lib/gcc/arm-none-eabi/15.2.1/../../../../arm-none-eabi/lib/thumb/v7-m/nofp/libg_nano.a(libc_a-writer.o)
                0x0800b004                _write_r
 .text._close_r
                0x0800b028       0x20 /Applications/ArmGNUToolchain/15.2.rel1/arm-none-eabi/bin/../lib/gcc/arm-none-eabi/15.2.1/../../../../arm-none-eabi/lib/thumb/v7-m/nofp/libg_nano.a(libc_a-closer.o)
                0x0800b028                _close_r
 .text._fstat_r
                0x0800b048       0x24 /Applications/ArmGNUToolchain/15.2.rel1/arm-none-eabi/bin/../lib/gcc/arm-none-eabi/15.2.1/../../../../arm-none-eabi/lib/thumb/v7-m/nofp/libg_nano.a(libc_a-fstatr.o)
                0x0800b048                _fstat_r
 .text.memchr   0x0800b06c       0x1c /Applications/ArmGNUToolchain/15.2.rel1/arm-none-eabi/bin/../lib/gcc/arm-none-eabi/15.2.1/../../../../arm-none-eabi/lib/thumb/v7-m/nofp/libg_nano.a(libc_a-memchr-stub.o)
                0x0800b06c                memchr
 .text._free_r  0x0800b088       0x94 /Applications/ArmGNUToolchain/15.2.rel1/arm-none-eabi/bin/../lib/gcc/arm-none-eabi/15.2.1/../../../../arm-none-eabi/lib/thumb/v7-m/nofp/libg_nano.a(libc_a-freer.o)
                0x0800b088                _free_r
 *(.glue_7)
 .glue_7        0x0800b11c        0x0 linker stubs
 *(.glue_7t)
 .glue_7t       0x0800b11c        0x0 linker stubs
 *(.eh_frame)
 .eh_frame      0x0800b11c        0x0 /Applications/ArmGNUToolchain/15.2.rel1/arm-none-eabi/bin/../lib/gcc/arm-none-eabi/15.2.1/thumb/v7-m/nofp/crtbegin.o
 *(.init)
 .init          0x0800b11c        0x4 /Applications/ArmGNUToolchain/15.2.rel1/arm-none-eabi/bin/../lib/gcc/arm-none-eabi/15.2.1/thumb/v7-m/nofp/crti.o
                0x0800b11c                _init
 .init          0x0800b120        0x8 /Applications/ArmGNUToolchain/15.2.rel1/arm-none-eabi/bin/../lib/gcc/arm-none-eabi/15.2.1/thumb/v7-m/nofp/crtn.o
 *(.fini)
 .fini          0x0800b128        0x4 /Applications/ArmGNUToolchain/15.2.rel1/arm-none-eabi/bin/../lib/gcc/arm-none-eabi/15.2.1/thumb/v7-m/nofp/crti.o
                0x0800b128                _fini
 .fini          0x0800b12c        0x8 /Applications/ArmGNUToolchain/15.2.rel1/arm-none-eabi/bin/../lib/gcc/arm-none-eabi/15.2.1/thumb/v7-m/nofp/crtn.o
                0x0800b134                        . = ALIGN (0x4)
                0x0800b134                        _etext = .

.vfp11_veneer   0x0800b134        0x0
 .vfp11_veneer  0x0800b134        0x0 linker stubs

.v4_bx          0x0800b134        0x0
 .v4_bx         0x0800b134        0x0 linker stubs

.iplt           0x0800b134        0x0
 .iplt          0x0800b134        0x0 /Applications/ArmGNUToolchain/15.2.rel1/arm-none-eabi/bin/../lib/gcc/arm-none-eabi/15.2.1/thumb/v7-m/nofp/crtbegin.o

.rodata         0x0800b134       0xc0
                0x0800b134                        . = ALIGN (0x4)
 *(.rodata)
 .rodata        0x0800b134       0x46 CMakeFiles/motor_control.dir/USB_DEVICE/App/usbd_desc.c.obj
 *fill*         0x0800b17a        0x2 
 .rodata        0x0800b17c       0x17 CMakeFiles/motor_control.dir/Core/Src/main.c.obj
 *(.rodata*)
 *fill*         0x0800b193        0x1 
 .rodata.AHBPrescTable
                0x0800b194       0x10 cmake/stm32cubemx/CMakeFiles/STM32_Drivers.dir/__/__/Core/Src/system_stm32f1xx.c.obj
                0x0800b194                AHBPrescTable
 .rodata.APBPrescTable
                0x0800b1a4        0x8 cmake/stm32cubemx/CMakeFiles/STM32_Drivers.dir/__/__/Core/Src/system_stm32f1xx.c.obj
                0x0800b1a4                APBPrescTable
 .rodata.aPLLMULFactorTable.1
                0x0800b1ac       0x10 cmake/stm32cubemx/CMakeFiles/STM32_Drivers.dir/__/__/Drivers/STM32F1xx_HAL_Driver/Src/stm32f1xx_hal_rcc.c.obj
 .rodata.aPredivFactorTable.0
                0x0800b1bc        0x2 cmake/stm32cubemx/CMakeFiles/STM32_Drivers.dir/__/__/Drivers/STM32F1xx_HAL_Driver/Src/stm32f1xx_hal_rcc.c.obj
 .rodata._vfprintf_r.str1.1
                0x0800b1be       0x33 /Applications/ArmGNUToolchain/15.2.rel1/arm-none-eabi/bin/../lib/gcc/arm-none-eabi/15.2.1/../../../../arm-none-eabi/lib/thumb/v7-m/nofp/libg_nano.a(libc_a-nano-vfprintf.o)
                                 0x11 (size before relaxing)
 .rodata._printf_i.str1.1
                0x0800b1f1        0x0 /Applications/ArmGNUToolchain/15.2.rel1/arm-none-eabi/bin/../lib/gcc/arm-none-eabi/15.2.1/../../../../arm-none-eabi/lib/thumb/v7-m/nofp/libg_nano.a(libc_a-nano-vfprintf_i.o)
                                 0x22 (size before relaxing)
                0x0800b1f4                        . = ALIGN (0x4)
 *fill*         0x0800b1f1        0x3 

.ARM.extab      0x0800b1f4        0x0
                0x0800b1f4                        . = ALIGN (0x4)
 *(.ARM.extab* .gnu.linkonce.armextab.*)
                0x0800b1f4                        . = ALIGN (0x4)

.ARM            0x0800b1f4        0x0
                0x0800b1f4                        . = ALIGN (0x4)
                0x0800b1f4                        __exidx_start = .
 *(.ARM.exidx*)
                0x0800b1f4                        __exidx_end = .
                0x0800b1f4                        . = ALIGN (0x4)

.preinit_array  0x0800b1f4        0x0
                0x0800b1f4                        . = ALIGN (0x4)
                0x0800b1f4                        PROVIDE (__preinit_array_start = .)
 *(.preinit_array*)
                0x0800b1f4                        PROVIDE (__preinit_array_end = .)
                0x0800b1f4                        . = ALIGN (0x4)

.init_array     0x0800b1f4        0x4
                0x0800b1f4                        . = ALIGN (0x4)
                0x0800b1f4                        PROVIDE (__init_array_start = .)
 *(SORT_BY_NAME(.init_array.*))
 *(.init_array*)
 .init_array    0x0800b1f4        0x4 /Applications/ArmGNUToolchain/15.2.rel1/arm-none-eabi/bin/../lib/gcc/arm-none-eabi/15.2.1/thumb/v7-m/nofp/crtbegin.o
                0x0800b1f8                        PROVIDE (__init_array_end = .)
                0x0800b1f8                        . = ALIGN (0x4)

.fini_array     0x0800b1f8        0x4
                0x0800b1f8                        . = ALIGN (0x4)
                [!provide]                        PROVIDE (__fini_array_start = .)
 *(SORT_BY_NAME(.fini_array.*))
 *(.fini_array*)
 .fini_array    0x0800b1f8        0x4 /Applications/ArmGNUToolchain/15.2.rel1/arm-none-eabi/bin/../lib/gcc/arm-none-eabi/15.2.1/thumb/v7-m/nofp/crtbegin.o
                [!provide]                        PROVIDE (__fini_array_end = .)
                0x0800b1fc                        . = ALIGN (0x4)
                0x0800b1fc                        _sidata = LOADADDR (.data)

.rel.dyn        0x0800b1fc        0x0
 .rel.iplt      0x0800b1fc        0x0 /Applications/ArmGNUToolchain/15.2.rel1/arm-none-eabi/bin/../lib/gcc/arm-none-eabi/15.2.1/thumb/v7-m/nofp/crtbegin.o

.data           0x20000000      0x1d8 load address 0x0800b1fc
                0x20000000                        . = ALIGN (0x4)
                0x20000000                        _sdata = .
 *(.data)
 *(.data*)
 .data.SystemCoreClock
                0x20000000        0x4 cmake/stm32cubemx/CMakeFiles/STM32_Drivers.dir/__/__/Core/Src/system_stm32f1xx.c.obj
                0x20000000                SystemCoreClock
 .data.uwTickPrio
                0x20000004        0x4 cmake/stm32cubemx/CMakeFiles/STM32_Drivers.dir/__/__/Drivers/STM32F1xx_HAL_Driver/Src/stm32f1xx_hal.c.obj
                0x20000004                uwTickPrio
 .data.uwTickFreq
                0x20000008        0x1 cmake/stm32cubemx/CMakeFiles/STM32_Drivers.dir/__/__/Drivers/STM32F1xx_HAL_Driver/Src/stm32f1xx_hal.c.obj
                0x20000008                uwTickFreq
 *fill*         0x20000009        0x3 
 .data.USBD_CDC_DeviceQualifierDesc
                0x2000000c        0xa cmake/stm32cubemx/CMakeFiles/USB_Device_Library.dir/__/__/Middlewares/ST/STM32_USB_Device_Library/Class/CDC/Src/usbd_cdc.c.obj
 *fill*         0x20000016        0x2 
 .data.USBD_CDC
                0x20000018       0x38 cmake/stm32cubemx/CMakeFiles/USB_Device_Library.dir/__/__/Middlewares/ST/STM32_USB_Device_Library/Class/CDC/Src/usbd_cdc.c.obj
                0x20000018                USBD_CDC
 .data.USBD_CDC_CfgHSDesc
                0x20000050       0x43 cmake/stm32cubemx/CMakeFiles/USB_Device_Library.dir/__/__/Middlewares/ST/STM32_USB_Device_Library/Class/CDC/Src/usbd_cdc.c.obj
                0x20000050                USBD_CDC_CfgHSDesc
 *fill*         0x20000093        0x1 
 .data.USBD_CDC_CfgFSDesc
                0x20000094       0x43 cmake/stm32cubemx/CMakeFiles/USB_Device_Library.dir/__/__/Middlewares/ST/STM32_USB_Device_Library/Class/CDC/Src/usbd_cdc.c.obj
                0x20000094                USBD_CDC_CfgFSDesc
 *fill*         0x200000d7        0x1 
 .data.USBD_CDC_OtherSpeedCfgDesc
                0x200000d8       0x43 cmake/stm32cubemx/CMakeFiles/USB_Device_Library.dir/__/__/Middlewares/ST/STM32_USB_Device_Library/Class/CDC/Src/usbd_cdc.c.obj
                0x200000d8                USBD_CDC_OtherSpeedCfgDesc
 *fill*         0x2000011b        0x1 
 .data.FS_Desc  0x2000011c       0x1c CMakeFiles/motor_control.dir/USB_DEVICE/App/usbd_desc.c.obj
                0x2000011c                FS_Desc
 .data.USBD_FS_DeviceDesc
                0x20000138       0x12 CMakeFiles/motor_control.dir/USB_DEVICE/App/usbd_desc.c.obj
                0x20000138                USBD_FS_DeviceDesc
 *fill*         0x2000014a        0x2 
 .data.USBD_LangIDDesc
                0x2000014c        0x4 CMakeFiles/motor_control.dir/USB_DEVICE/App/usbd_desc.c.obj
                0x2000014c                USBD_LangIDDesc
 .data.USBD_StringSerial
                0x20000150       0x1a CMakeFiles/motor_control.dir/USB_DEVICE/App/usbd_desc.c.obj
                0x20000150                USBD_StringSerial
 *fill*         0x2000016a        0x2 
 .data.USBD_Interface_fops_FS
                0x2000016c       0x10 CMakeFiles/motor_control.dir/USB_DEVICE/App/usbd_cdc_if.c.obj
                0x2000016c                USBD_Interface_fops_FS
 .data.__sglue  0x2000017c        0xc /Applications/ArmGNUToolchain/15.2.rel1/arm-none-eabi/bin/../lib/gcc/arm-none-eabi/15.2.1/../../../../arm-none-eabi/lib/thumb/v7-m/nofp/libg_nano.a(libc_a-findfp.o)
                0x2000017c                __sglue
 .data._impure_ptr
                0x20000188        0x4 /Applications/ArmGNUToolchain/15.2.rel1/arm-none-eabi/bin/../lib/gcc/arm-none-eabi/15.2.1/../../../../arm-none-eabi/lib/thumb/v7-m/nofp/libg_nano.a(libc_a-impure.o)
                0x20000188                _impure_ptr
 .data._impure_data
                0x2000018c       0x4c /Applications/ArmGNUToolchain/15.2.rel1/arm-none-eabi/bin/../lib/gcc/arm-none-eabi/15.2.1/../../../../arm-none-eabi/lib/thumb/v7-m/nofp/libg_nano.a(libc_a-impure.o)
                0x2000018c                _impure_data
 *(.RamFunc)
 *(.RamFunc*)
                0x200001d8                        . = ALIGN (0x4)

.tm_clone_table
                0x200001d8        0x0 load address 0x0800b3d4
 .tm_clone_table
                0x200001d8        0x0 /Applications/ArmGNUToolchain/15.2.rel1/arm-none-eabi/bin/../lib/gcc/arm-none-eabi/15.2.1/thumb/v7-m/nofp/crtbegin.o
 .tm_clone_table
                0x200001d8        0x0 /Applications/ArmGNUToolchain/15.2.rel1/arm-none-eabi/bin/../lib/gcc/arm-none-eabi/15.2.1/thumb/v7-m/nofp/crtend.o

.igot.plt       0x200001d8        0x0 load address 0x0800b3d4
 .igot.plt      0x200001d8        0x0 /Applications/ArmGNUToolchain/15.2.rel1/arm-none-eabi/bin/../lib/gcc/arm-none-eabi/15.2.1/thumb/v7-m/nofp/crtbegin.o

.tdata          0x200001d8        0x0 load address 0x0800b3d4
 *(.tdata .tdata.* .gnu.linkonce.td.*)
                0x200001d8                        . = ALIGN (0x4)
                0x200001d8                        _edata = .
                [!provide]                        PROVIDE (__data_end = .)
                [!provide]                        PROVIDE (__tdata_end = .)
                [!provide]                        PROVIDE (__tdata_start = ADDR (.tdata))
                [!provide]                        PROVIDE (__tdata_size = (__tdata_end - __tdata_start))
                [!provide]                        PROVIDE (__data_start = ADDR (.data))
                [!provide]                        PROVIDE (__data_size = (__data_end - __data_start))
                [!provide]                        PROVIDE (__tdata_source = LOADADDR (.tdata))
                [!provide]                        PROVIDE (__tdata_source_end = (LOADADDR (.tdata) + SIZEOF (.tdata)))
                [!provide]                        PROVIDE (__tdata_source_size = (__tdata_source_end - __tdata_source))
                [!provide]                        PROVIDE (__data_source = LOADADDR (.data))
                [!provide]                        PROVIDE (__data_source_end = __tdata_source_end)
                [!provide]                        PROVIDE (__data_source_size = (__data_source_end - __data_source))

.tbss           0x200001d8        0x0 load address 0x0800b3d4
                0x200001d8                        _sbss = .
                0x200001d8                        __bss_start__ = _sbss
 *(.tbss .tbss.*)
                0x200001d8                        . = ALIGN (0x4)
                [!provide]                        PROVIDE (__tbss_end = .)
                [!provide]                        PROVIDE (__tbss_start = ADDR (.tbss))
                [!provide]                        PROVIDE (__tbss_size = (__tbss_end - __tbss_start))
                [!provide]                        PROVIDE (__tbss_offset = (ADDR (.tbss) - ADDR (.tdata)))
                [!provide]                        PROVIDE (__tls_base = __tdata_start)
                [!provide]                        PROVIDE (__tls_end = __tbss_end)
                [!provide]                        PROVIDE (__tls_size = (__tls_end - __tls_base))
                [!provide]                        PROVIDE (__tls_align = MAX (ALIGNOF (.tdata), ALIGNOF (.tbss)))
                [!provide]                        PROVIDE (__tls_size_align = (((__tls_size + __tls_align) - 0x1) & ~ ((__tls_align - 0x1))))
                [!provide]                        PROVIDE (__arm32_tls_tcb_offset = MAX (0x8, __tls_align))
                [!provide]                        PROVIDE (__arm64_tls_tcb_offset = MAX (0x10, __tls_align))

.bss            0x200001d8     0x15a8 load address 0x0800b3d4
 *(.bss)
 *(.bss*)
 .bss.completed.1
                0x200001d8        0x1 /Applications/ArmGNUToolchain/15.2.rel1/arm-none-eabi/bin/../lib/gcc/arm-none-eabi/15.2.1/thumb/v7-m/nofp/crtbegin.o
 *fill*         0x200001d9        0x3 
 .bss.object.0  0x200001dc       0x18 /Applications/ArmGNUToolchain/15.2.rel1/arm-none-eabi/bin/../lib/gcc/arm-none-eabi/15.2.1/thumb/v7-m/nofp/crtbegin.o
 .bss.uwTick    0x200001f4        0x4 cmake/stm32cubemx/CMakeFiles/STM32_Drivers.dir/__/__/Drivers/STM32F1xx_HAL_Driver/Src/stm32f1xx_hal.c.obj
                0x200001f4                uwTick
 .bss.cfgidx.0  0x200001f8        0x1 cmake/stm32cubemx/CMakeFiles/USB_Device_Library.dir/__/__/Middlewares/ST/STM32_USB_Device_Library/Core/Src/usbd_ctlreq.c.obj
 *fill*         0x200001f9        0x3 
 .bss.hpcd_USB_FS
                0x200001fc      0x2d8 CMakeFiles/motor_control.dir/USB_DEVICE/Target/usbd_conf.c.obj
                0x200001fc                hpcd_USB_FS
 .bss.mem.0     0x200004d4      0x220 CMakeFiles/motor_control.dir/USB_DEVICE/Target/usbd_conf.c.obj
 .bss.hUsbDeviceFS
                0x200006f4      0x2c4 CMakeFiles/motor_control.dir/USB_DEVICE/App/usb_device.c.obj
                0x200006f4                hUsbDeviceFS
 .bss.USBD_StrDesc
                0x200009b8      0x200 CMakeFiles/motor_control.dir/USB_DEVICE/App/usbd_desc.c.obj
                0x200009b8                USBD_StrDesc
 .bss.UserRxBufferFS
                0x20000bb8      0x400 CMakeFiles/motor_control.dir/USB_DEVICE/App/usbd_cdc_if.c.obj
                0x20000bb8                UserRxBufferFS
 .bss.UserTxBufferFS
                0x20000fb8      0x400 CMakeFiles/motor_control.dir/USB_DEVICE/App/usbd_cdc_if.c.obj
                0x20000fb8                UserTxBufferFS
 .bss.cdc_tx_buffer
                0x200013b8      0x100 CMakeFiles/motor_control.dir/USB_DEVICE/App/usbd_cdc_if.c.obj
 .bss.cdc_tx_head
                0x200014b8        0x2 CMakeFiles/motor_control.dir/USB_DEVICE/App/usbd_cdc_if.c.obj
 .bss.cdc_tx_tail
                0x200014ba        0x2 CMakeFiles/motor_control.dir/USB_DEVICE/App/usbd_cdc_if.c.obj
 .bss.hadc1     0x200014bc       0x30 CMakeFiles/motor_control.dir/Core/Src/main.c.obj
                0x200014bc                hadc1
 .bss.hi2c2     0x200014ec       0x54 CMakeFiles/motor_control.dir/Core/Src/main.c.obj
                0x200014ec                hi2c2
 .bss.htim1     0x20001540       0x48 CMakeFiles/motor_control.dir/Core/Src/main.c.obj
                0x20001540                htim1
 .bss.htim2     0x20001588       0x48 CMakeFiles/motor_control.dir/Core/Src/main.c.obj
                0x20001588                htim2
 .bss.last_heartbeat_tick
                0x200015d0        0x4 CMakeFiles/motor_control.dir/Core/Src/main.c.obj
 .bss.sonar_measuring
                0x200015d4        0x1 CMakeFiles/motor_control.dir/Core/Src/main.c.obj
 *fill*         0x200015d5        0x3 
 .bss.sonar_distance_cm
                0x200015d8        0x4 CMakeFiles/motor_control.dir/Core/Src/main.c.obj
 .bss.last_sonar_trigger_tick
                0x200015dc        0x4 CMakeFiles/motor_control.dir/Core/Src/main.c.obj
 .bss.adc_values
                0x200015e0        0xc CMakeFiles/motor_control.dir/Core/Src/main.c.obj
 .bss.hdma_adc1
                0x200015ec       0x44 CMakeFiles/motor_control.dir/Core/Src/main.c.obj
                0x200015ec                hdma_adc1
 .bss.__sbrk_heap_end
                0x20001630        0x4 CMakeFiles/motor_control.dir/Core/Src/sysmem.c.obj
 .bss.__sf      0x20001634      0x138 /Applications/ArmGNUToolchain/15.2.rel1/arm-none-eabi/bin/../lib/gcc/arm-none-eabi/15.2.1/../../../../arm-none-eabi/lib/thumb/v7-m/nofp/libg_nano.a(libc_a-findfp.o)
                0x20001634                __sf
 .bss.__stdio_exit_handler
                0x2000176c        0x4 /Applications/ArmGNUToolchain/15.2.rel1/arm-none-eabi/bin/../lib/gcc/arm-none-eabi/15.2.1/../../../../arm-none-eabi/lib/thumb/v7-m/nofp/libg_nano.a(libc_a-findfp.o)
                0x2000176c                __stdio_exit_handler
 .bss.__lock___malloc_recursive_mutex
                0x20001770        0x1 /Applications/ArmGNUToolchain/15.2.rel1/arm-none-eabi/bin/../lib/gcc/arm-none-eabi/15.2.1/../../../../arm-none-eabi/lib/thumb/v7-m/nofp/libg_nano.a(libc_a-lock.o)
                0x20001770                __lock___malloc_recursive_mutex
 .bss.__lock___sfp_recursive_mutex
                0x20001771        0x1 /Applications/ArmGNUToolchain/15.2.rel1/arm-none-eabi/bin/../lib/gcc/arm-none-eabi/15.2.1/../../../../arm-none-eabi/lib/thumb/v7-m/nofp/libg_nano.a(libc_a-lock.o)
                0x20001771                __lock___sfp_recursive_mutex
 *fill*         0x20001772        0x2 
 .bss.__malloc_sbrk_start
                0x20001774        0x4 /Applications/ArmGNUToolchain/15.2.rel1/arm-none-eabi/bin/../lib/gcc/arm-none-eabi/15.2.1/../../../../arm-none-eabi/lib/thumb/v7-m/nofp/libg_nano.a(libc_a-mallocr.o)
                0x20001774                __malloc_sbrk_start
 .bss.__malloc_free_list
                0x20001778        0x4 /Applications/ArmGNUToolchain/15.2.rel1/arm-none-eabi/bin/../lib/gcc/arm-none-eabi/15.2.1/../../../../arm-none-eabi/lib/thumb/v7-m/nofp/libg_nano.a(libc_a-mallocr.o)
                0x20001778                __malloc_free_list
 .bss.errno     0x2000177c        0x4 /Applications/ArmGNUToolchain/15.2.rel1/arm-none-eabi/bin/../lib/gcc/arm-none-eabi/15.2.1/../../../../arm-none-eabi/lib/thumb/v7-m/nofp/libg_nano.a(libc_a-reent.o)
                0x2000177c                errno
 *(COMMON)
                0x20001780                        . = ALIGN (0x4)
                0x20001780                        _ebss = .
                0x20001780                        __bss_end__ = _ebss
                [!provide]                        PROVIDE (__bss_end = .)
                [!provide]                        PROVIDE (__non_tls_bss_start = ADDR (.bss))
                [!provide]                        PROVIDE (__bss_start = __tbss_start)
                [!provide]                        PROVIDE (__bss_size = (__bss_end - __bss_start))

._user_heap_stack
                0x20001780      0x600 load address 0x0800b3d4
                0x20001780                        . = ALIGN (0x8)
                [!provide]                        PROVIDE (end = .)
                0x20001780                        PROVIDE (_end = .)
                0x20001980                        . = (. + _Min_Heap_Size)
 *fill*         0x20001780      0x200 
                0x20001d80                        . = (. + _Min_Stack_Size)
 *fill*         0x20001980      0x400 
                0x20001d80                        . = ALIGN (0x8)

/DISCARD/
 libc.a:*(*)
 libm.a:*(*)
 libgcc.a:*(*)
OUTPUT(motor_control.elf elf32-littlearm)
LOAD linker stubs

.ARM.attributes
                0x00000000       0x29
 .ARM.attributes
                0x00000000       0x1d /Applications/ArmGNUToolchain/15.2.rel1/arm-none-eabi/bin/../lib/gcc/arm-none-eabi/15.2.1/thumb/v7-m/nofp/crti.o
 .ARM.attributes
                0x0000001d       0x2d /Applications/ArmGNUToolchain/15.2.rel1/arm-none-eabi/bin/../lib/gcc/arm-none-eabi/15.2.1/thumb/v7-m/nofp/crtbegin.o
 .ARM.attributes
                0x0000004a       0x2d cmake/stm32cubemx/CMakeFiles/STM32_Drivers.dir/__/__/Core/Src/system_stm32f1xx.c.obj
 .ARM.attributes
                0x00000077       0x2d cmake/stm32cubemx/CMakeFiles/STM32_Drivers.dir/__/__/Drivers/STM32F1xx_HAL_Driver/Src/stm32f1xx_hal_pcd.c.obj
 .ARM.attributes
                0x000000a4       0x2d cmake/stm32cubemx/CMakeFiles/STM32_Drivers.dir/__/__/Drivers/STM32F1xx_HAL_Driver/Src/stm32f1xx_hal_pcd_ex.c.obj
 .ARM.attributes
                0x000000d1       0x2d cmake/stm32cubemx/CMakeFiles/STM32_Drivers.dir/__/__/Drivers/STM32F1xx_HAL_Driver/Src/stm32f1xx_ll_usb.c.obj
 .ARM.attributes
                0x000000fe       0x2d cmake/stm32cubemx/CMakeFiles/STM32_Drivers.dir/__/__/Drivers/STM32F1xx_HAL_Driver/Src/stm32f1xx_hal.c.obj
 .ARM.attributes
                0x0000012b       0x2d cmake/stm32cubemx/CMakeFiles/STM32_Drivers.dir/__/__/Drivers/STM32F1xx_HAL_Driver/Src/stm32f1xx_hal_rcc.c.obj
 .ARM.attributes
                0x00000158       0x2d cmake/stm32cubemx/CMakeFiles/STM32_Drivers.dir/__/__/Drivers/STM32F1xx_HAL_Driver/Src/stm32f1xx_hal_rcc_ex.c.obj
 .ARM.attributes
                0x00000185       0x2d cmake/stm32cubemx/CMakeFiles/STM32_Drivers.dir/__/__/Drivers/STM32F1xx_HAL_Driver/Src/stm32f1xx_hal_gpio.c.obj
 .ARM.attributes
                0x000001b2       0x2d cmake/stm32cubemx/CMakeFiles/STM32_Drivers.dir/__/__/Drivers/STM32F1xx_HAL_Driver/Src/stm32f1xx_hal_dma.c.obj
 .ARM.attributes
                0x000001df       0x2d cmake/stm32cubemx/CMakeFiles/STM32_Drivers.dir/__/__/Drivers/STM32F1xx_HAL_Driver/Src/stm32f1xx_hal_cortex.c.obj
 .ARM.attributes
                0x0000020c       0x2d cmake/stm32cubemx/CMakeFiles/STM32_Drivers.dir/__/__/Drivers/STM32F1xx_HAL_Driver/Src/stm32f1xx_hal_adc.c.obj
 .ARM.attributes
                0x00000239       0x2d cmake/stm32cubemx/CMakeFiles/STM32_Drivers.dir/__/__/Drivers/STM32F1xx_HAL_Driver/Src/stm32f1xx_hal_i2c.c.obj
 .ARM.attributes
                0x00000266       0x2d cmake/stm32cubemx/CMakeFiles/STM32_Drivers.dir/__/__/Drivers/STM32F1xx_HAL_Driver/Src/stm32f1xx_hal_tim.c.obj
 .ARM.attributes
                0x00000293       0x2d cmake/stm32cubemx/CMakeFiles/STM32_Drivers.dir/__/__/Drivers/STM32F1xx_HAL_Driver/Src/stm32f1xx_hal_tim_ex.c.obj
 .ARM.attributes
                0x000002c0       0x2d cmake/stm32cubemx/CMakeFiles/USB_Device_Library.dir/__/__/Middlewares/ST/STM32_USB_Device_Library/Core/Src/usbd_core.c.obj
 .ARM.attributes
                0x000002ed       0x2d cmake/stm32cubemx/CMakeFiles/USB_Device_Library.dir/__/__/Middlewares/ST/STM32_USB_Device_Library/Core/Src/usbd_ctlreq.c.obj
 .ARM.attributes
                0x0000031a       0x2d cmake/stm32cubemx/CMakeFiles/USB_Device_Library.dir/__/__/Middlewares/ST/STM32_USB_Device_Library/Core/Src/usbd_ioreq.c.obj
 .ARM.attributes
                0x00000347       0x2d cmake/stm32cubemx/CMakeFiles/USB_Device_Library.dir/__/__/Middlewares/ST/STM32_USB_Device_Library/Class/CDC/Src/usbd_cdc.c.obj
 .ARM.attributes
                0x00000374       0x2d CMakeFiles/motor_control.dir/USB_DEVICE/Target/usbd_conf.c.obj
 .ARM.attributes
                0x000003a1       0x2d CMakeFiles/motor_control.dir/USB_DEVICE/App/usb_device.c.obj
 .ARM.attributes
                0x000003ce       0x2d CMakeFiles/motor_control.dir/USB_DEVICE/App/usbd_desc.c.obj
 .ARM.attributes
                0x000003fb       0x2d CMakeFiles/motor_control.dir/USB_DEVICE/App/usbd_cdc_if.c.obj
 .ARM.attributes
                0x00000428       0x2d CMakeFiles/motor_control.dir/Core/Src/main.c.obj
 .ARM.attributes
                0x00000455       0x2d CMakeFiles/motor_control.dir/Core/Src/stm32f1xx_it.c.obj
 .ARM.attributes
                0x00000482       0x2d CMakeFiles/motor_control.dir/Core/Src/stm32f1xx_hal_msp.c.obj
 .ARM.attributes
                0x000004af       0x2d CMakeFiles/motor_control.dir/Core/Src/sysmem.c.obj
 .ARM.attributes
                0x000004dc       0x2d CMakeFiles/motor_control.dir/Core/Src/syscalls.c.obj
 .ARM.attributes
                0x00000509       0x21 CMakeFiles/motor_control.dir/startup_stm32f103xb.s.obj
 .ARM.attributes
                0x0000052a       0x1d /Applications/ArmGNUToolchain/15.2.rel1/arm-none-eabi/bin/../lib/gcc/arm-none-eabi/15.2.1/thumb/v7-m/nofp/libgcc.a(_arm_addsubdf3.o)
 .ARM.attributes
                0x00000547       0x1d /Applications/ArmGNUToolchain/15.2.rel1/arm-none-eabi/bin/../lib/gcc/arm-none-eabi/15.2.1/thumb/v7-m/nofp/libgcc.a(_arm_addsubsf3.o)
 .ARM.attributes
                0x00000564       0x1d /Applications/ArmGNUToolchain/15.2.rel1/arm-none-eabi/bin/../lib/gcc/arm-none-eabi/15.2.1/thumb/v7-m/nofp/libgcc.a(_arm_muldivsf3.o)
 .ARM.attributes
                0x00000581       0x1d /Applications/ArmGNUToolchain/15.2.rel1/arm-none-eabi/bin/../lib/gcc/arm-none-eabi/15.2.1/thumb/v7-m/nofp/libgcc.a(_arm_cmpsf2.o)
 .ARM.attributes
                0x0000059e       0x1d /Applications/ArmGNUToolchain/15.2.rel1/arm-none-eabi/bin/../lib/gcc/arm-none-eabi/15.2.1/thumb/v7-m/nofp/libgcc.a(_arm_fixsfsi.o)
 .ARM.attributes
                0x000005bb       0x2d /Applications/ArmGNUToolchain/15.2.rel1/arm-none-eabi/bin/../lib/gcc/arm-none-eabi/15.2.1/../../../../arm-none-eabi/lib/thumb/v7-m/nofp/libg_nano.a(libc_a-findfp.o)
 .ARM.attributes
                0x000005e8       0x2d /Applications/ArmGNUToolchain/15.2.rel1/arm-none-eabi/bin/../lib/gcc/arm-none-eabi/15.2.1/../../../../arm-none-eabi/lib/thumb/v7-m/nofp/libg_nano.a(libc_a-fwalk.o)
 .ARM.attributes
                0x00000615       0x2d /Applications/ArmGNUToolchain/15.2.rel1/arm-none-eabi/bin/../lib/gcc/arm-none-eabi/15.2.1/../../../../arm-none-eabi/lib/thumb/v7-m/nofp/libg_nano.a(libc_a-printf.o)
 .ARM.attributes
                0x00000642       0x2d /Applications/ArmGNUToolchain/15.2.rel1/arm-none-eabi/bin/../lib/gcc/arm-none-eabi/15.2.1/../../../../arm-none-eabi/lib/thumb/v7-m/nofp/libg_nano.a(libc_a-memset.o)
 .ARM.attributes
                0x0000066f       0x2d /Applications/ArmGNUToolchain/15.2.rel1/arm-none-eabi/bin/../lib/gcc/arm-none-eabi/15.2.1/../../../../arm-none-eabi/lib/thumb/v7-m/nofp/libg_nano.a(libc_a-errno.o)
 .ARM.attributes