/Users/hcmutboiz/mock/Dashboard/Firmware_STM32/motor_control/Core/Src/main.c:93:5:main	80	static
/Users/hcmutboiz/mock/Dashboard/Firmware_STM32/motor_control/Core/Src/main.c:233:6:SystemClock_Config	88	static
/Users/hcmutboiz/mock/Dashboard/Firmware_STM32/motor_control/Core/Src/main.c:281:13:MX_ADC1_Init	24	static
/Users/hcmutboiz/mock/Dashboard/Firmware_STM32/motor_control/Core/Src/main.c:345:13:MX_I2C2_Init	8	static
/Users/hcmutboiz/mock/Dashboard/Firmware_STM32/motor_control/Core/Src/main.c:379:13:MX_TIM1_Init	96	static
/Users/hcmutboiz/mock/Dashboard/Firmware_STM32/motor_control/Core/Src/main.c:454:13:MX_TIM2_Init	64	static
/Users/hcmutboiz/mock/Dashboard/Firmware_STM32/motor_control/Core/Src/main.c:517:13:MX_GPIO_Init	40	static
/Users/hcmutboiz/mock/Dashboard/Firmware_STM32/motor_control/Core/Src/main.c:573:6:HAL_GPIO_EXTI_Callback	24	static
/Users/hcmutboiz/mock/Dashboard/Firmware_STM32/motor_control/Core/Src/main.c:594:6:Error_Handler	4	static
